Archive member included because of file (symbol)

E:/NXP/S32DS_ARM_v1.3/Cross_Tools/gcc-arm-none-eabi-4_9/arm-none-eabi/newlib/lib/armv7e-m/fpu\libc_nano.a(lib_a-exit.o)
                              E:/NXP/S32DS_ARM_v1.3/Cross_Tools/gcc-arm-none-eabi-4_9/arm-none-eabi/newlib/lib/armv7e-m/fpu/crt0.o (exit)
E:/NXP/S32DS_ARM_v1.3/Cross_Tools/gcc-arm-none-eabi-4_9/arm-none-eabi/newlib/lib/armv7e-m/fpu\libc_nano.a(lib_a-impure.o)
                              E:/NXP/S32DS_ARM_v1.3/Cross_Tools/gcc-arm-none-eabi-4_9/arm-none-eabi/newlib/lib/armv7e-m/fpu\libc_nano.a(lib_a-exit.o) (_global_impure_ptr)
E:/NXP/S32DS_ARM_v1.3/Cross_Tools/gcc-arm-none-eabi-4_9/arm-none-eabi/newlib/lib/armv7e-m/fpu\libc_nano.a(lib_a-init.o)
                              E:/NXP/S32DS_ARM_v1.3/Cross_Tools/gcc-arm-none-eabi-4_9/arm-none-eabi/newlib/lib/armv7e-m/fpu/crt0.o (__libc_init_array)
E:/NXP/S32DS_ARM_v1.3/Cross_Tools/gcc-arm-none-eabi-4_9/arm-none-eabi/newlib/lib/armv7e-m/fpu\libc_nano.a(lib_a-memcpy.o)
                              ./SDK/rtos/FreeRTOS_S32K/Source/queue.o (memcpy)
E:/NXP/S32DS_ARM_v1.3/Cross_Tools/gcc-arm-none-eabi-4_9/arm-none-eabi/newlib/lib/armv7e-m/fpu\libc_nano.a(lib_a-memset.o)
                              E:/NXP/S32DS_ARM_v1.3/Cross_Tools/gcc-arm-none-eabi-4_9/arm-none-eabi/newlib/lib/armv7e-m/fpu/crt0.o (memset)
E:/NXP/S32DS_ARM_v1.3/Cross_Tools/gcc-arm-none-eabi-4_9/arm-none-eabi/newlib/lib/armv7e-m/fpu\libnosys.a(_exit.o)
                              E:/NXP/S32DS_ARM_v1.3/Cross_Tools/gcc-arm-none-eabi-4_9/arm-none-eabi/newlib/lib/armv7e-m/fpu\libc_nano.a(lib_a-exit.o) (_exit)

Allocating common symbols
Common symbol       size              file

g_xtal0ClkFreq      0x4               ./SDK/platform/drivers/src/clock/S32K144/clock_S32K144.o
g_RtcClkInFreq      0x4               ./SDK/platform/drivers/src/clock/S32K144/clock_S32K144.o
g_TClkFreq          0xc               ./SDK/platform/drivers/src/clock/S32K144/clock_S32K144.o

Discarded input sections

 .text          0x00000000        0x0 e:/nxp/s32ds_arm_v1.3/cross_tools/gcc-arm-none-eabi-4_9/bin/../lib/gcc/arm-none-eabi/4.9.3/armv7e-m/fpu/crti.o
 .data          0x00000000        0x0 e:/nxp/s32ds_arm_v1.3/cross_tools/gcc-arm-none-eabi-4_9/bin/../lib/gcc/arm-none-eabi/4.9.3/armv7e-m/fpu/crti.o
 .bss           0x00000000        0x0 e:/nxp/s32ds_arm_v1.3/cross_tools/gcc-arm-none-eabi-4_9/bin/../lib/gcc/arm-none-eabi/4.9.3/armv7e-m/fpu/crti.o
 .data          0x00000000        0x4 e:/nxp/s32ds_arm_v1.3/cross_tools/gcc-arm-none-eabi-4_9/bin/../lib/gcc/arm-none-eabi/4.9.3/armv7e-m/fpu/crtbegin.o
 .text          0x00000000       0x74 E:/NXP/S32DS_ARM_v1.3/Cross_Tools/gcc-arm-none-eabi-4_9/arm-none-eabi/newlib/lib/armv7e-m/fpu/crt0.o
 .data          0x00000000        0x0 E:/NXP/S32DS_ARM_v1.3/Cross_Tools/gcc-arm-none-eabi-4_9/arm-none-eabi/newlib/lib/armv7e-m/fpu/crt0.o
 .bss           0x00000000        0x0 E:/NXP/S32DS_ARM_v1.3/Cross_Tools/gcc-arm-none-eabi-4_9/arm-none-eabi/newlib/lib/armv7e-m/fpu/crt0.o
 .ARM.extab     0x00000000        0x0 E:/NXP/S32DS_ARM_v1.3/Cross_Tools/gcc-arm-none-eabi-4_9/arm-none-eabi/newlib/lib/armv7e-m/fpu/crt0.o
 .ARM.exidx     0x00000000        0x8 E:/NXP/S32DS_ARM_v1.3/Cross_Tools/gcc-arm-none-eabi-4_9/arm-none-eabi/newlib/lib/armv7e-m/fpu/crt0.o
 .ARM.attributes
                0x00000000       0x20 E:/NXP/S32DS_ARM_v1.3/Cross_Tools/gcc-arm-none-eabi-4_9/arm-none-eabi/newlib/lib/armv7e-m/fpu/crt0.o
 .group         0x00000000        0x8 ./Generated_Code/pin_mux.o
 .group         0x00000000        0x8 ./Generated_Code/pin_mux.o
 .group         0x00000000        0x8 ./Generated_Code/pin_mux.o
 .group         0x00000000        0x8 ./Generated_Code/pin_mux.o
 .group         0x00000000        0x8 ./Generated_Code/pin_mux.o
 .group         0x00000000        0x8 ./Generated_Code/pin_mux.o
 .group         0x00000000        0x8 ./Generated_Code/pin_mux.o
 .group         0x00000000        0x8 ./Generated_Code/pin_mux.o
 .group         0x00000000        0x8 ./Generated_Code/pin_mux.o
 .group         0x00000000        0x8 ./Generated_Code/pin_mux.o
 .group         0x00000000        0x8 ./Generated_Code/pin_mux.o
 .group         0x00000000        0x8 ./Generated_Code/pin_mux.o
 .group         0x00000000        0x8 ./Generated_Code/pin_mux.o
 .group         0x00000000        0x8 ./Generated_Code/pin_mux.o
 .text          0x00000000        0x0 ./Generated_Code/pin_mux.o
 .data          0x00000000        0x0 ./Generated_Code/pin_mux.o
 .bss           0x00000000        0x0 ./Generated_Code/pin_mux.o
 .data.g_pin_mux_InitConfigArr
                0x00000000      0xde8 ./Generated_Code/pin_mux.o
 .debug_info    0x00000000      0x379 ./Generated_Code/pin_mux.o
 .debug_abbrev  0x00000000       0xe9 ./Generated_Code/pin_mux.o
 .debug_aranges
                0x00000000       0x18 ./Generated_Code/pin_mux.o
 .debug_macro   0x00000000       0xfa ./Generated_Code/pin_mux.o
 .debug_macro   0x00000000      0x86e ./Generated_Code/pin_mux.o
[...]
Memory Configuration

Name             Origin             Length             Attributes
m_interrupts     0x00000000         0x00000400         xr
m_flash_config   0x00000400         0x00000010         xr
m_text           0x00000410         0x0007fbf0         xr
m_data           0x1fff8000         0x00008000         rw
m_data_2         0x20000000         0x00007000         rw
*default*        0x00000000         0xffffffff

Linker script and memory map

LOAD e:/nxp/s32ds_arm_v1.3/cross_tools/gcc-arm-none-eabi-4_9/bin/../lib/gcc/arm-none-eabi/4.9.3/armv7e-m/fpu/crti.o
LOAD e:/nxp/s32ds_arm_v1.3/cross_tools/gcc-arm-none-eabi-4_9/bin/../lib/gcc/arm-none-eabi/4.9.3/armv7e-m/fpu/crtbegin.o
LOAD E:/NXP/S32DS_ARM_v1.3/Cross_Tools/gcc-arm-none-eabi-4_9/arm-none-eabi/newlib/lib/armv7e-m/fpu/crt0.o
LOAD ./Generated_Code/pin_mux.o
LOAD ./Generated_Code/clockMan1.o
LOAD ./Generated_Code/Cpu.o
LOAD ./Project_Settings/Startup_Code/startup_S32K144.o
LOAD ./SDK/platform/devices/S32K144/startup/system_S32K144.o
LOAD ./SDK/platform/devices/startup.o
LOAD ./SDK/platform/drivers/src/clock/S32K144/clock_S32K144.o
LOAD ./SDK/platform/drivers/src/clock/clock_manager.o
LOAD ./SDK/platform/drivers/src/interrupt/interrupt_manager.o
LOAD ./SDK/platform/drivers/src/pins/pins_driver.o
LOAD ./SDK/platform/hal/src/pcc/pcc_hal.o
LOAD ./SDK/platform/hal/src/pmc/pmc_hal.o
LOAD ./SDK/platform/hal/src/port/port_hal.o
LOAD ./SDK/platform/hal/src/scg/scg_hal.o
LOAD ./SDK/platform/hal/src/sim/S32K144/sim_hal_S32K144.o
LOAD ./SDK/platform/hal/src/smc/smc_hal.o
LOAD ./SDK/rtos/FreeRTOS_S32K/Source/portable/GCC/ARM_CM4F/port.o
LOAD ./SDK/rtos/FreeRTOS_S32K/Source/portable/MemMang/heap_2.o
LOAD ./SDK/rtos/FreeRTOS_S32K/Source/timers.o
LOAD ./SDK/rtos/FreeRTOS_S32K/Source/tasks.o
LOAD ./SDK/rtos/FreeRTOS_S32K/Source/queue.o
LOAD ./SDK/rtos/FreeRTOS_S32K/Source/list.o
LOAD ./SDK/rtos/FreeRTOS_S32K/Source/event_groups.o
LOAD ./SDK/rtos/FreeRTOS_S32K/Source/croutine.o
LOAD ./Sources/transceiver.o
LOAD ./Sources/rtos_driver.o
LOAD ./Sources/main.o
LOAD ./Sources/clocks_and_modes.o
LOAD ./Sources/can_driver.o
START GROUP
LOAD e:/nxp/s32ds_arm_v1.3/cross_tools/gcc-arm-none-eabi-4_9/bin/../lib/gcc/arm-none-eabi/4.9.3/armv7e-m/fpu\libgcc.a
LOAD E:/NXP/S32DS_ARM_v1.3/Cross_Tools/gcc-arm-none-eabi-4_9/arm-none-eabi/newlib/lib/armv7e-m/fpu\libc_nano.a
END GROUP
START GROUP
LOAD e:/nxp/s32ds_arm_v1.3/cross_tools/gcc-arm-none-eabi-4_9/bin/../lib/gcc/arm-none-eabi/4.9.3/armv7e-m/fpu\libgcc.a
LOAD E:/NXP/S32DS_ARM_v1.3/Cross_Tools/gcc-arm-none-eabi-4_9/arm-none-eabi/newlib/lib/armv7e-m/fpu\libc_nano.a
LOAD E:/NXP/S32DS_ARM_v1.3/Cross_Tools/gcc-arm-none-eabi-4_9/arm-none-eabi/newlib/lib/armv7e-m/fpu\libnosys.a
END GROUP
START GROUP
LOAD e:/nxp/s32ds_arm_v1.3/cross_tools/gcc-arm-none-eabi-4_9/bin/../lib/gcc/arm-none-eabi/4.9.3/armv7e-m/fpu\libgcc.a
LOAD E:/NXP/S32DS_ARM_v1.3/Cross_Tools/gcc-arm-none-eabi-4_9/arm-none-eabi/newlib/lib/armv7e-m/fpu\libc_nano.a
LOAD E:/NXP/S32DS_ARM_v1.3/Cross_Tools/gcc-arm-none-eabi-4_9/arm-none-eabi/newlib/lib/armv7e-m/fpu\libnosys.a
END GROUP
LOAD e:/nxp/s32ds_arm_v1.3/cross_tools/gcc-arm-none-eabi-4_9/bin/../lib/gcc/arm-none-eabi/4.9.3/armv7e-m/fpu/crtend.o
LOAD e:/nxp/s32ds_arm_v1.3/cross_tools/gcc-arm-none-eabi-4_9/bin/../lib/gcc/arm-none-eabi/4.9.3/armv7e-m/fpu/crtn.o
                0x00000400                HEAP_SIZE = DEFINED (__heap_size__)?__heap_size__:0x400
                0x00000400                STACK_SIZE = DEFINED (__stack_size__)?__stack_size__:0x400
                0x00000400                M_VECTOR_RAM_SIZE = DEFINED (__flash_vector_table__)?0x0:0x400

.interrupts     0x00000000      0x400
                0x00000000                __VECTOR_TABLE = .
                0x00000000                . = ALIGN (0x4)
 *(.isr_vector)
 .isr_vector    0x00000000      0x400 ./Project_Settings/Startup_Code/startup_S32K144.o
                0x00000000                __isr_vector
                0x00000400                . = ALIGN (0x4)

.flash_config   0x00000400       0x10
                0x00000400                . = ALIGN (0x4)
 *(.FlashConfig)
 .FlashConfig   0x00000400       0x10 ./Project_Settings/Startup_Code/startup_S32K144.o
                0x00000410                . = ALIGN (0x4)

.text           0x00000410     0x2ad0
                0x00000410                . = ALIGN (0x4)
 *(.text)
 .text          0x00000410       0x5c e:/nxp/s32ds_arm_v1.3/cross_tools/gcc-arm-none-eabi-4_9/bin/../lib/gcc/arm-none-eabi/4.9.3/armv7e-m/fpu/crtbegin.o
 .text          0x0000046c       0x44 ./Project_Settings/Startup_Code/startup_S32K144.o
                0x0000046c                Reset_Handler
                0x000004ac                DebugMon_Handler
                0x000004ac                Reserved88_IRQHandler
                0x000004ac                CAN0_ORed_IRQHandler
                0x000004ac                HardFault_Handler
                0x000004ac                Reserved86_IRQHandler
                0x000004ac                Reserved103_IRQHandler
                0x000004ac                FTM2_Ovf_Reload_IRQHandler
                0x000004ac                Reserved50_IRQHandler
                0x000004ac                FTFC_Fault_IRQHandler
                0x000004ac                FTM0_Ch6_Ch7_IRQHandler
                0x000004ac                Reserved114_IRQHandler
                0x000004ac                NMI_Handler
                0x000004ac                Reserved89_IRQHandler
                0x000004ac                ERM_double_fault_IRQHandler
                0x000004ac                DMA2_IRQHandler
                0x000004ac                Reserved59_IRQHandler
                0x000004ac                LPIT0_Ch0_IRQHandler
                0x000004ac                Reserved99_IRQHandler
                0x000004ac                FTM3_Ch6_Ch7_IRQHandler
                0x000004ac                CAN2_ORed_0_15_MB_IRQHandler
                0x000004ac                LPIT0_Ch3_IRQHandler
                0x000004ac                Reserved92_IRQHandler
                0x000004ac                FTM0_Ch4_Ch5_IRQHandler
                0x000004ac                CAN1_Error_IRQHandler
                0x000004ac                FTM3_Ch0_Ch1_IRQHandler
                0x000004ac                SWI_IRQHandler
                0x000004ac                ADC0_IRQHandler
                0x000004ac                FTM2_Ch4_Ch5_IRQHandler
                0x000004ac                UsageFault_Handler
                0x000004ac                FTM0_Ovf_Reload_IRQHandler
                0x000004ac                DefaultISR
                0x000004ac                DMA9_IRQHandler
                0x000004ac                Reserved58_IRQHandler
                0x000004ac                CAN1_ORed_0_15_MB_IRQHandler
                0x000004ac                FTM1_Ch2_Ch3_IRQHandler
                0x000004ac                DMA14_IRQHandler
                0x000004ac                Reserved82_IRQHandler
                0x000004ac                CAN0_ORed_16_31_MB_IRQHandler
                0x000004ac                LPI2C0_Slave_IRQHandler
                0x000004ac                Reserved71_IRQHandler
                0x000004ac                PORTD_IRQHandler
                0x000004ac                Reserved69_IRQHandler
                0x000004ac                PORTB_IRQHandler
                0x000004ac                Reserved70_IRQHandler
                0x000004ac                ADC1_IRQHandler
                0x000004ac                FTM2_Ch2_Ch3_IRQHandler
                0x000004ac                Reserved53_IRQHandler
                0x000004ac                DMA5_IRQHandler
                0x000004ac                RTC_IRQHandler
                0x000004ac                PDB0_IRQHandler
                0x000004ac                Reserved54_IRQHandler
                0x000004ac                FTM2_Ch6_Ch7_IRQHandler
                0x000004ac                FTM3_Ch2_Ch3_IRQHandler
                0x000004ac                FTM2_Ch0_Ch1_IRQHandler
                0x000004ac                LPSPI1_IRQHandler
                0x000004ac                LPUART1_RxTx_IRQHandler
                0x000004ac                RTC_Seconds_IRQHandler
                0x000004ac                CAN2_ORed_IRQHandler
                0x000004ac                Reserved72_IRQHandler
                0x000004ac                Reserved110_IRQHandler
                0x000004ac                DMA11_IRQHandler
                0x000004ac                Reserved107_IRQHandler
                0x000004ac                Read_Collision_IRQHandler
                0x000004ac                CAN2_Error_IRQHandler
                0x000004ac                FTFC_IRQHandler
                0x000004ac                DMA7_IRQHandler
                0x000004ac                FTM1_Ch6_Ch7_IRQHandler
                0x000004ac                Reserved105_IRQHandler
                0x000004ac                LPIT0_Ch1_IRQHandler
                0x000004ac                FTM1_Ch4_Ch5_IRQHandler
                0x000004ac                FTM3_Ovf_Reload_IRQHandler
                0x000004ac                LPUART2_RxTx_IRQHandler
                0x000004ac                LPSPI0_IRQHandler
                0x000004ac                WDOG_EWM_IRQHandler
                0x000004ac                MemManage_Handler
                0x000004ac                Reserved90_IRQHandler
                0x000004ac                Reserved83_IRQHandler
                0x000004ac                FTM0_Fault_IRQHandler
                0x000004ac                Reserved48_IRQHandler
                0x000004ac                ERM_single_fault_IRQHandler
                0x000004ac                FTM2_Fault_IRQHandler
                0x000004ac                FTM0_Ch2_Ch3_IRQHandler
                0x000004ac                DMA13_IRQHandler
                0x000004ac                FTM0_Ch0_Ch1_IRQHandler
                0x000004ac                FTM3_Fault_IRQHandler
                0x000004ac                RCM_IRQHandler
                0x000004ac                DMA3_IRQHandler
                0x000004ac                Reserved100_IRQHandler
                0x000004ac                DMA0_IRQHandler
                0x000004ac                Reserved91_IRQHandler
                0x000004ac                CAN1_ORed_IRQHandler
                0x000004ac                DMA15_IRQHandler
                0x000004ac                SCG_IRQHandler
                0x000004ac                PDB1_IRQHandler
                0x000004ac                Reserved81_IRQHandler
                0x000004ac                Reserved46_IRQHandler
                0x000004ac                Reserved45_IRQHandler
                0x000004ac                CAN0_Error_IRQHandler
                0x000004ac                Reserved112_IRQHandler
                0x000004ac                LPI2C0_Master_IRQHandler
                0x000004ac                DMA4_IRQHandler
                0x000004ac                FTM1_Fault_IRQHandler
                0x000004ac                Reserved106_IRQHandler
                0x000004ac                DMA_Error_IRQHandler
                0x000004ac                LVD_LVW_IRQHandler
                0x000004ac                LPIT0_Ch2_IRQHandler
                0x000004ac                PORTA_IRQHandler
                0x000004ac                MCM_IRQHandler
                0x000004ac                LPSPI2_IRQHandler
                0x000004ac                DMA12_IRQHandler
                0x000004ac                FTM3_Ch4_Ch5_IRQHandler
                0x000004ac                CAN0_ORed_0_15_MB_IRQHandler
                0x000004ac                PORTE_IRQHandler
                0x000004ac                LPUART0_RxTx_IRQHandler
                0x000004ac                LPTMR0_IRQHandler
                0x000004ac                BusFault_Handler
                0x000004ac                Reserved87_IRQHandler
                0x000004ac                FTM1_Ovf_Reload_IRQHandler
                0x000004ac                DMA8_IRQHandler
                0x000004ac                Reserved93_IRQHandler
                0x000004ac                DMA10_IRQHandler
                0x000004ac                CAN0_Wake_Up_IRQHandler
                0x000004ac                CMP0_IRQHandler
                0x000004ac                Reserved52_IRQHandler
                0x000004ac                PORTC_IRQHandler
                0x000004ac                DMA6_IRQHandler
                0x000004ac                FTM1_Ch0_Ch1_IRQHandler
                0x000004ac                FLEXIO_IRQHandler
                0x000004ac                DMA1_IRQHandler
                0x000004ac                Reserved113_IRQHandler
 *(.text*)
 .text.SystemInit
                0x000004b0       0x58 ./SDK/platform/devices/S32K144/startup/system_S32K144.o
                0x000004b0                SystemInit
 .text.init_data_bss
                0x00000508       0xf4 ./SDK/platform/devices/startup.o
                0x00000508                init_data_bss
 .text.pxPortInitialiseStack
                0x000005fc       0x64 ./SDK/rtos/FreeRTOS_S32K/Source/portable/GCC/ARM_CM4F/port.o
                0x000005fc                pxPortInitialiseStack
 .text.prvTaskExitError
                0x00000660       0x3c ./SDK/rtos/FreeRTOS_S32K/Source/portable/GCC/ARM_CM4F/port.o
 .text.SVC_Handler
                0x0000069c       0x20 ./SDK/rtos/FreeRTOS_S32K/Source/portable/GCC/ARM_CM4F/port.o
                0x0000069c                SVC_Handler
 .text.prvPortStartFirstTask
                0x000006bc       0x20 ./SDK/rtos/FreeRTOS_S32K/Source/portable/GCC/ARM_CM4F/port.o
 .text.xPortStartScheduler
                0x000006dc      0x118 ./SDK/rtos/FreeRTOS_S32K/Source/portable/GCC/ARM_CM4F/port.o
                0x000006dc                xPortStartScheduler
 .text.vPortEnterCritical
                0x000007f4       0x5c ./SDK/rtos/FreeRTOS_S32K/Source/portable/GCC/ARM_CM4F/port.o
                0x000007f4                vPortEnterCritical
 .text.vPortExitCritical
                0x00000850       0x4c ./SDK/rtos/FreeRTOS_S32K/Source/portable/GCC/ARM_CM4F/port.o
                0x00000850                vPortExitCritical
 .text.PendSV_Handler
                0x0000089c       0x60 ./SDK/rtos/FreeRTOS_S32K/Source/portable/GCC/ARM_CM4F/port.o
                0x0000089c                PendSV_Handler
 .text.SysTick_Handler
                0x000008fc       0x44 ./SDK/rtos/FreeRTOS_S32K/Source/portable/GCC/ARM_CM4F/port.o
                0x000008fc                SysTick_Handler
 .text.vPortSetupTimerInterrupt
                0x00000940       0x24 ./SDK/rtos/FreeRTOS_S32K/Source/portable/GCC/ARM_CM4F/port.o
                0x00000940                vPortSetupTimerInterrupt
 .text.vPortEnableVFP
                0x00000964       0x14 ./SDK/rtos/FreeRTOS_S32K/Source/portable/GCC/ARM_CM4F/port.o
 .text.vPortValidateInterruptPriority
                0x00000978       0x78 ./SDK/rtos/FreeRTOS_S32K/Source/portable/GCC/ARM_CM4F/port.o
                0x00000978                vPortValidateInterruptPriority
 .text.pvPortMalloc
                0x000009f0      0x11c ./SDK/rtos/FreeRTOS_S32K/Source/portable/MemMang/heap_2.o
                0x000009f0                pvPortMalloc
 .text.vPortFree
                0x00000b0c       0x70 ./SDK/rtos/FreeRTOS_S32K/Source/portable/MemMang/heap_2.o
                0x00000b0c                vPortFree
 .text.prvHeapInit
                0x00000b7c       0x50 ./SDK/rtos/FreeRTOS_S32K/Source/portable/MemMang/heap_2.o
 .text.xTimerCreateTimerTask
                0x00000bcc       0x64 ./SDK/rtos/FreeRTOS_S32K/Source/timers.o
                0x00000bcc                xTimerCreateTimerTask
 .text.xTimerGenericCommand
                0x00000c30       0x8c ./SDK/rtos/FreeRTOS_S32K/Source/timers.o
                0x00000c30                xTimerGenericCommand
 .text.prvProcessExpiredTimer
                0x00000cbc       0x80 ./SDK/rtos/FreeRTOS_S32K/Source/timers.o
 .text.prvTimerTask
                0x00000d3c       0x24 ./SDK/rtos/FreeRTOS_S32K/Source/timers.o
 .text.prvProcessTimerOrBlockTask
                0x00000d60       0x80 ./SDK/rtos/FreeRTOS_S32K/Source/timers.o
 .text.prvGetNextExpireTime
                0x00000de0       0x48 ./SDK/rtos/FreeRTOS_S32K/Source/timers.o
 .text.prvSampleTimeNow
                0x00000e28       0x40 ./SDK/rtos/FreeRTOS_S32K/Source/timers.o
 .text.prvInsertTimerInActiveList
                0x00000e68       0x84 ./SDK/rtos/FreeRTOS_S32K/Source/timers.o
 .text.prvProcessReceivedCommands
                0x00000eec      0x160 ./SDK/rtos/FreeRTOS_S32K/Source/timers.o
 .text.prvSwitchTimerLists
                0x0000104c       0xc0 ./SDK/rtos/FreeRTOS_S32K/Source/timers.o
 .text.prvCheckForValidListAndQueue
                0x0000110c       0x74 ./SDK/rtos/FreeRTOS_S32K/Source/timers.o
 .text.xTaskGenericCreate
                0x00001180      0x19c ./SDK/rtos/FreeRTOS_S32K/Source/tasks.o
                0x00001180                xTaskGenericCreate
 .text.vTaskStartScheduler
                0x0000131c       0x98 ./SDK/rtos/FreeRTOS_S32K/Source/tasks.o
                0x0000131c                vTaskStartScheduler
 .text.vTaskSuspendAll
                0x000013b4       0x1c ./SDK/rtos/FreeRTOS_S32K/Source/tasks.o
                0x000013b4                vTaskSuspendAll
 .text.xTaskResumeAll
                0x000013d0      0x12c ./SDK/rtos/FreeRTOS_S32K/Source/tasks.o
                0x000013d0                xTaskResumeAll
 .text.xTaskGetTickCount
                0x000014fc       0x20 ./SDK/rtos/FreeRTOS_S32K/Source/tasks.o
                0x000014fc                xTaskGetTickCount
 .text.xTaskIncrementTick
                0x0000151c      0x180 ./SDK/rtos/FreeRTOS_S32K/Source/tasks.o
                0x0000151c                xTaskIncrementTick
 .text.vTaskSwitchContext
                0x0000169c       0xb4 ./SDK/rtos/FreeRTOS_S32K/Source/tasks.o
                0x0000169c                vTaskSwitchContext
 .text.vTaskPlaceOnEventList
                0x00001750       0x9c ./SDK/rtos/FreeRTOS_S32K/Source/tasks.o
                0x00001750                vTaskPlaceOnEventList
 .text.vTaskPlaceOnEventListRestricted
                0x000017ec       0x9c ./SDK/rtos/FreeRTOS_S32K/Source/tasks.o
                0x000017ec                vTaskPlaceOnEventListRestricted
 .text.xTaskRemoveFromEventList
                0x00001888       0xc8 ./SDK/rtos/FreeRTOS_S32K/Source/tasks.o
                0x00001888                xTaskRemoveFromEventList
 .text.vTaskSetTimeOutState
                0x00001950       0x44 ./SDK/rtos/FreeRTOS_S32K/Source/tasks.o
                0x00001950                vTaskSetTimeOutState
 .text.xTaskCheckForTimeOut
                0x00001994       0xbc ./SDK/rtos/FreeRTOS_S32K/Source/tasks.o
                0x00001994                xTaskCheckForTimeOut
 .text.vTaskMissedYield
                0x00001a50       0x18 ./SDK/rtos/FreeRTOS_S32K/Source/tasks.o
                0x00001a50                vTaskMissedYield
 .text.prvIdleTask
                0x00001a68       0x30 ./SDK/rtos/FreeRTOS_S32K/Source/tasks.o
 .text.prvInitialiseTCBVariables
                0x00001a98       0xa4 ./SDK/rtos/FreeRTOS_S32K/Source/tasks.o
 .text.prvInitialiseTaskLists
                0x00001b3c       0x7c ./SDK/rtos/FreeRTOS_S32K/Source/tasks.o
 .text.prvCheckTasksWaitingTermination
                0x00001bb8       0x74 ./SDK/rtos/FreeRTOS_S32K/Source/tasks.o
 .text.prvAddCurrentTaskToDelayedList
                0x00001c2c       0x6c ./SDK/rtos/FreeRTOS_S32K/Source/tasks.o
 .text.prvAllocateTCBAndStack
                0x00001c98       0x70 ./SDK/rtos/FreeRTOS_S32K/Source/tasks.o
 .text.prvDeleteTCB
                0x00001d08       0x20 ./SDK/rtos/FreeRTOS_S32K/Source/tasks.o
 .text.prvResetNextTaskUnblockTime
                0x00001d28       0x48 ./SDK/rtos/FreeRTOS_S32K/Source/tasks.o
 .text.xTaskGetSchedulerState
                0x00001d70       0x3c ./SDK/rtos/FreeRTOS_S32K/Source/tasks.o
                0x00001d70                xTaskGetSchedulerState
 .text.vTaskPriorityInherit
                0x00001dac       0xf0 ./SDK/rtos/FreeRTOS_S32K/Source/tasks.o
                0x00001dac                vTaskPriorityInherit
 .text.xTaskPriorityDisinherit
                0x00001e9c      0x10c ./SDK/rtos/FreeRTOS_S32K/Source/tasks.o
                0x00001e9c                xTaskPriorityDisinherit
 .text.pvTaskIncrementMutexHeldCount
                0x00001fa8       0x28 ./SDK/rtos/FreeRTOS_S32K/Source/tasks.o
                0x00001fa8                pvTaskIncrementMutexHeldCount
 .text.xQueueGenericReset
                0x00001fd0       0xd0 ./SDK/rtos/FreeRTOS_S32K/Source/queue.o
                0x00001fd0                xQueueGenericReset
 .text.xQueueGenericCreate
                0x000020a0       0xb0 ./SDK/rtos/FreeRTOS_S32K/Source/queue.o
                0x000020a0                xQueueGenericCreate
 .text.xQueueGenericSend
                0x00002150      0x1ec ./SDK/rtos/FreeRTOS_S32K/Source/queue.o
                0x00002150                xQueueGenericSend
 .text.xQueueGenericSendFromISR
                0x0000233c      0x118 ./SDK/rtos/FreeRTOS_S32K/Source/queue.o
                0x0000233c                xQueueGenericSendFromISR
 .text.xQueueGenericReceive
                0x00002454      0x20c ./SDK/rtos/FreeRTOS_S32K/Source/queue.o
                0x00002454                xQueueGenericReceive
 .text.prvCopyDataToQueue
                0x00002660       0xdc ./SDK/rtos/FreeRTOS_S32K/Source/queue.o
 .text.prvCopyDataFromQueue
                0x0000273c       0x4c ./SDK/rtos/FreeRTOS_S32K/Source/queue.o
 .text.prvUnlockQueue
                0x00002788       0x98 ./SDK/rtos/FreeRTOS_S32K/Source/queue.o
 .text.prvIsQueueEmpty
                0x00002820       0x2c ./SDK/rtos/FreeRTOS_S32K/Source/queue.o
 .text.prvIsQueueFull
                0x0000284c       0x30 ./SDK/rtos/FreeRTOS_S32K/Source/queue.o
 .text.vQueueWaitForMessageRestricted
                0x0000287c       0x5c ./SDK/rtos/FreeRTOS_S32K/Source/queue.o
                0x0000287c                vQueueWaitForMessageRestricted
 .text.vListInitialise
                0x000028d8       0x40 ./SDK/rtos/FreeRTOS_S32K/Source/list.o
                0x000028d8                vListInitialise
 .text.vListInitialiseItem
                0x00002918       0x18 ./SDK/rtos/FreeRTOS_S32K/Source/list.o
                0x00002918                vListInitialiseItem
 .text.vListInsertEnd
                0x00002930       0x48 ./SDK/rtos/FreeRTOS_S32K/Source/list.o
                0x00002930                vListInsertEnd
 .text.vListInsert
                0x00002978       0x70 ./SDK/rtos/FreeRTOS_S32K/Source/list.o
                0x00002978                vListInsert
 .text.uxListRemove
                0x000029e8       0x54 ./SDK/rtos/FreeRTOS_S32K/Source/list.o
                0x000029e8                uxListRemove
 .text.WDOG_disable
                0x00002a3c       0x2c ./Sources/transceiver.o
                0x00002a3c                WDOG_disable
 .text.PORT_init
                0x00002a68       0xac ./Sources/transceiver.o
                0x00002a68                PORT_init
 .text.LPSPI1_init_master
                0x00002b14       0x64 ./Sources/transceiver.o
                0x00002b14                LPSPI1_init_master
 .text.LPSPI1_init_MC33903
                0x00002b78       0x54 ./Sources/transceiver.o
                0x00002b78                LPSPI1_init_MC33903
 .text.LPSPI1_transmit_16bits
                0x00002bcc       0x38 ./Sources/transceiver.o
                0x00002bcc                LPSPI1_transmit_16bits
 .text.LPSPI1_receive_16bits
                0x00002c04       0x40 ./Sources/transceiver.o
                0x00002c04                LPSPI1_receive_16bits
 .text.rtos_start
                0x00002c44       0x28 ./Sources/rtos_driver.o
                0x00002c44                rtos_start
 .text.main     0x00002c6c       0x3c ./Sources/main.o
                0x00002c6c                main
 .text.SOSC_init_8MHz
                0x00002ca8       0x4c ./Sources/clocks_and_modes.o
                0x00002ca8                SOSC_init_8MHz
 .text.SPLL_init_160MHz
                0x00002cf4       0x64 ./Sources/clocks_and_modes.o
                0x00002cf4                SPLL_init_160MHz
 .text.NormalRUNmode_80MHz
                0x00002d58       0x20 ./Sources/clocks_and_modes.o
                0x00002d58                NormalRUNmode_80MHz
 .text.CAN_Init
                0x00002d78      0x10c ./Sources/can_driver.o
                0x00002d78                CAN_Init
 .text.memcpy   0x00002e84       0x16 E:/NXP/S32DS_ARM_v1.3/Cross_Tools/gcc-arm-none-eabi-4_9/arm-none-eabi/newlib/lib/armv7e-m/fpu\libc_nano.a(lib_a-memcpy.o)
                0x00002e84                memcpy
 .text.memset   0x00002e9a       0x10 E:/NXP/S32DS_ARM_v1.3/Cross_Tools/gcc-arm-none-eabi-4_9/arm-none-eabi/newlib/lib/armv7e-m/fpu\libc_nano.a(lib_a-memset.o)
                0x00002e9a                memset
 *(.rodata)
 *fill*         0x00002eaa        0x2 
 .rodata        0x00002eac        0x8 ./SDK/rtos/FreeRTOS_S32K/Source/timers.o
 .rodata        0x00002eb4        0x5 ./SDK/rtos/FreeRTOS_S32K/Source/tasks.o
 *fill*         0x00002eb9        0x3 
 .rodata        0x00002ebc        0xc ./Sources/transceiver.o
 *(.rodata*)
 *(.glue_7)
 .glue_7        0x00000000        0x0 linker stubs
 *(.glue_7t)
 .glue_7t       0x00000000        0x0 linker stubs
 *(.eh_frame)
 .eh_frame      0x00002ec8        0x0 e:/nxp/s32ds_arm_v1.3/cross_tools/gcc-arm-none-eabi-4_9/bin/../lib/gcc/arm-none-eabi/4.9.3/armv7e-m/fpu/crtbegin.o
 *(.init)
 .init          0x00002ec8        0x4 e:/nxp/s32ds_arm_v1.3/cross_tools/gcc-arm-none-eabi-4_9/bin/../lib/gcc/arm-none-eabi/4.9.3/armv7e-m/fpu/crti.o
                0x00002ec8                _init
 .init          0x00002ecc        0x8 e:/nxp/s32ds_arm_v1.3/cross_tools/gcc-arm-none-eabi-4_9/bin/../lib/gcc/arm-none-eabi/4.9.3/armv7e-m/fpu/crtn.o
 *(.fini)
 .fini          0x00002ed4        0x4 e:/nxp/s32ds_arm_v1.3/cross_tools/gcc-arm-none-eabi-4_9/bin/../lib/gcc/arm-none-eabi/4.9.3/armv7e-m/fpu/crti.o
                0x00002ed4                _fini
 .fini          0x00002ed8        0x8 e:/nxp/s32ds_arm_v1.3/cross_tools/gcc-arm-none-eabi-4_9/bin/../lib/gcc/arm-none-eabi/4.9.3/armv7e-m/fpu/crtn.o
                0x00002ee0                . = ALIGN (0x4)

.vfp11_veneer   0x00002ee0        0x0
 .vfp11_veneer  0x00000000        0x0 linker stubs

.v4_bx          0x00002ee0        0x0
 .v4_bx         0x00000000        0x0 linker stubs

.iplt           0x00002ee0        0x0
 .iplt          0x00000000        0x0 e:/nxp/s32ds_arm_v1.3/cross_tools/gcc-arm-none-eabi-4_9/bin/../lib/gcc/arm-none-eabi/4.9.3/armv7e-m/fpu/crtbegin.o

.rel.dyn        0x00002ee0        0x0
 .rel.iplt      0x00000000        0x0 e:/nxp/s32ds_arm_v1.3/cross_tools/gcc-arm-none-eabi-4_9/bin/../lib/gcc/arm-none-eabi/4.9.3/armv7e-m/fpu/crtbegin.o

.ARM.extab
 *(.ARM.extab* .gnu.linkonce.armextab.*)

.ARM            0x00002ee0        0x0
                0x00002ee0                __exidx_start = .
 *(.ARM.exidx*)
                0x00002ee0                __exidx_end = .

.ctors          0x00002ee0        0x0
                0x00002ee0                __CTOR_LIST__ = .
 *crtbegin.o(.ctors)
 *crtbegin?.o(.ctors)
 *(EXCLUDE_FILE(*crtend.o *crtend?.o) .ctors)
 *(SORT(.ctors.*))
 *(.ctors)
                0x00002ee0                __CTOR_END__ = .

.dtors          0x00002ee0        0x0
                0x00002ee0                __DTOR_LIST__ = .
 *crtbegin.o(.dtors)
 *crtbegin?.o(.dtors)
 *(EXCLUDE_FILE(*crtend.o *crtend?.o) .dtors)
 *(SORT(.dtors.*))
 *(.dtors)
                0x00002ee0                __DTOR_END__ = .

.preinit_array  0x00002ee0        0x0
                0x00002ee0                PROVIDE (__preinit_array_start, .)
 *(.preinit_array*)
                0x00002ee0                PROVIDE (__preinit_array_end, .)

.init_array     0x00002ee0        0x4
                0x00002ee0                PROVIDE (__init_array_start, .)
 *(SORT(.init_array.*))
 *(.init_array*)
 .init_array    0x00002ee0        0x4 e:/nxp/s32ds_arm_v1.3/cross_tools/gcc-arm-none-eabi-4_9/bin/../lib/gcc/arm-none-eabi/4.9.3/armv7e-m/fpu/crtbegin.o
                0x00002ee4                PROVIDE (__init_array_end, .)

.fini_array     0x00002ee4        0x4
                0x00002ee4                PROVIDE (__fini_array_start, .)
 *(SORT(.fini_array.*))
 *(.fini_array*)
 .fini_array    0x00002ee4        0x4 e:/nxp/s32ds_arm_v1.3/cross_tools/gcc-arm-none-eabi-4_9/bin/../lib/gcc/arm-none-eabi/4.9.3/armv7e-m/fpu/crtbegin.o
                0x00002ee8                PROVIDE (__fini_array_end, .)
                0x00002ee8                __etext = .
                0x00002ee8                __DATA_ROM = .

.interrupts_ram
                0x1fff8000      0x400
                0x1fff8000                . = ALIGN (0x4)
                0x1fff8000                __VECTOR_RAM__ = .
                0x1fff8000                __interrupts_ram_start__ = .
 *(.m_interrupts_ram)
                0x1fff8400                . = (. + M_VECTOR_RAM_SIZE)
 *fill*         0x1fff8000      0x400 
                0x1fff8400                . = ALIGN (0x4)
                0x1fff8400                __interrupts_ram_end__ = .
                0x1fff8000                __VECTOR_RAM = DEFINED (__flash_vector_table__)?ORIGIN (m_interrupts):__VECTOR_RAM__
                0x00000400                __RAM_VECTOR_TABLE_SIZE = DEFINED (__flash_vector_table__)?0x0:(__interrupts_ram_end__ - __interrupts_ram_start__)

.data           0x1fff8400        0xc load address 0x00002ee8
                0x1fff8400                . = ALIGN (0x4)
                0x1fff8400                __DATA_RAM = .
                0x1fff8400                __data_start__ = .
 *(.data)
 *(.data*)
 .data.uxCriticalNesting
                0x1fff8400        0x4 ./SDK/rtos/FreeRTOS_S32K/Source/portable/GCC/ARM_CM4F/port.o
 .data.xFreeBytesRemaining
                0x1fff8404        0x4 ./SDK/rtos/FreeRTOS_S32K/Source/portable/MemMang/heap_2.o
 *(.jcr*)
 .jcr           0x1fff8408        0x0 e:/nxp/s32ds_arm_v1.3/cross_tools/gcc-arm-none-eabi-4_9/bin/../lib/gcc/arm-none-eabi/4.9.3/armv7e-m/fpu/crtbegin.o
 .jcr           0x1fff8408        0x4 e:/nxp/s32ds_arm_v1.3/cross_tools/gcc-arm-none-eabi-4_9/bin/../lib/gcc/arm-none-eabi/4.9.3/armv7e-m/fpu/crtend.o
                0x1fff840c                . = ALIGN (0x4)
                0x1fff840c                __data_end__ = .
                0x00002ef4                __DATA_END = (__DATA_ROM + (__data_end__ - __data_start__))
                0x00002ef4                __CODE_ROM = __DATA_END

.igot.plt       0x1fff840c        0x0 load address 0x00002ef4
 .igot.plt      0x00000000        0x0 e:/nxp/s32ds_arm_v1.3/cross_tools/gcc-arm-none-eabi-4_9/bin/../lib/gcc/arm-none-eabi/4.9.3/armv7e-m/fpu/crtbegin.o

.code           0x1fff840c        0x0 load address 0x00002ef4
                0x1fff840c                . = ALIGN (0x4)
                0x1fff840c                __CODE_RAM = .
                0x1fff840c                __code_start__ = .
 *(.code_ram)
                0x1fff840c                . = ALIGN (0x4)
                0x1fff840c                __code_end__ = .
                0x00002ef4                __CODE_END = (__CODE_ROM + (__code_end__ - __code_start__))

.customSectionBlock
 *(.customSection)

.bss            0x20000000     0x21b0
                0x20000000                . = ALIGN (0x4)
                0x20000000                __BSS_START = .
                0x20000000                __bss_start__ = .
 *(.bss)
 .bss           0x20000000       0x1c e:/nxp/s32ds_arm_v1.3/cross_tools/gcc-arm-none-eabi-4_9/bin/../lib/gcc/arm-none-eabi/4.9.3/armv7e-m/fpu/crtbegin.o
 *(.bss*)
 .bss.ucMaxSysCallPriority
                0x2000001c        0x1 ./SDK/rtos/FreeRTOS_S32K/Source/portable/GCC/ARM_CM4F/port.o
 *fill*         0x2000001d        0x3 
 .bss.ulMaxPRIGROUPValue
                0x20000020        0x4 ./SDK/rtos/FreeRTOS_S32K/Source/portable/GCC/ARM_CM4F/port.o
 .bss.ucHeap    0x20000024     0x2000 ./SDK/rtos/FreeRTOS_S32K/Source/portable/MemMang/heap_2.o
 .bss.xStart    0x20002024        0x8 ./SDK/rtos/FreeRTOS_S32K/Source/portable/MemMang/heap_2.o
 .bss.xEnd      0x2000202c        0x8 ./SDK/rtos/FreeRTOS_S32K/Source/portable/MemMang/heap_2.o
 .bss.xHeapHasBeenInitialised.4518
                0x20002034        0x4 ./SDK/rtos/FreeRTOS_S32K/Source/portable/MemMang/heap_2.o
 .bss.xActiveTimerList1
                0x20002038       0x14 ./SDK/rtos/FreeRTOS_S32K/Source/timers.o
 .bss.xActiveTimerList2
                0x2000204c       0x14 ./SDK/rtos/FreeRTOS_S32K/Source/timers.o
 .bss.pxCurrentTimerList
                0x20002060        0x4 ./SDK/rtos/FreeRTOS_S32K/Source/timers.o
 .bss.pxOverflowTimerList
                0x20002064        0x4 ./SDK/rtos/FreeRTOS_S32K/Source/timers.o
 .bss.xTimerQueue
                0x20002068        0x4 ./SDK/rtos/FreeRTOS_S32K/Source/timers.o
 .bss.xLastTime.4758
                0x2000206c        0x4 ./SDK/rtos/FreeRTOS_S32K/Source/timers.o
 .bss.pxCurrentTCB
                0x20002070        0x4 ./SDK/rtos/FreeRTOS_S32K/Source/tasks.o
                0x20002070                pxCurrentTCB
 .bss.pxReadyTasksLists
                0x20002074       0xa0 ./SDK/rtos/FreeRTOS_S32K/Source/tasks.o
 .bss.xDelayedTaskList1
                0x20002114       0x14 ./SDK/rtos/FreeRTOS_S32K/Source/tasks.o
 .bss.xDelayedTaskList2
                0x20002128       0x14 ./SDK/rtos/FreeRTOS_S32K/Source/tasks.o
 .bss.pxDelayedTaskList
                0x2000213c        0x4 ./SDK/rtos/FreeRTOS_S32K/Source/tasks.o
 .bss.pxOverflowDelayedTaskList
                0x20002140        0x4 ./SDK/rtos/FreeRTOS_S32K/Source/tasks.o
 .bss.xPendingReadyList
                0x20002144       0x14 ./SDK/rtos/FreeRTOS_S32K/Source/tasks.o
 .bss.xTasksWaitingTermination
                0x20002158       0x14 ./SDK/rtos/FreeRTOS_S32K/Source/tasks.o
 .bss.uxTasksDeleted
                0x2000216c        0x4 ./SDK/rtos/FreeRTOS_S32K/Source/tasks.o
 .bss.xSuspendedTaskList
                0x20002170       0x14 ./SDK/rtos/FreeRTOS_S32K/Source/tasks.o
 .bss.uxCurrentNumberOfTasks
                0x20002184        0x4 ./SDK/rtos/FreeRTOS_S32K/Source/tasks.o
 .bss.xTickCount
                0x20002188        0x4 ./SDK/rtos/FreeRTOS_S32K/Source/tasks.o
 .bss.uxTopReadyPriority
                0x2000218c        0x4 ./SDK/rtos/FreeRTOS_S32K/Source/tasks.o
 .bss.xSchedulerRunning
                0x20002190        0x4 ./SDK/rtos/FreeRTOS_S32K/Source/tasks.o
 .bss.uxPendedTicks
                0x20002194        0x4 ./SDK/rtos/FreeRTOS_S32K/Source/tasks.o
 .bss.xYieldPending
                0x20002198        0x4 ./SDK/rtos/FreeRTOS_S32K/Source/tasks.o
 .bss.xNumOfOverflows
                0x2000219c        0x4 ./SDK/rtos/FreeRTOS_S32K/Source/tasks.o
 .bss.uxTaskNumber
                0x200021a0        0x4 ./SDK/rtos/FreeRTOS_S32K/Source/tasks.o
 .bss.xNextTaskUnblockTime
                0x200021a4        0x4 ./SDK/rtos/FreeRTOS_S32K/Source/tasks.o
 .bss.uxSchedulerSuspended
                0x200021a8        0x4 ./SDK/rtos/FreeRTOS_S32K/Source/tasks.o
 .bss.xQueue    0x200021ac        0x4 ./Sources/rtos_driver.o
 *(COMMON)
                0x200021b0                . = ALIGN (0x4)
                0x200021b0                __bss_end__ = .
                0x200021b0                __BSS_END = .

.heap           0x200021b0      0x400
                0x200021b0                . = ALIGN (0x8)
                0x200021b0                __end__ = .
                0x200021b0                PROVIDE (end, .)
                0x200021b0                PROVIDE (_end, .)
                0x200021b0                PROVIDE (__end, .)
                0x200021b0                __HeapBase = .
                0x200025b0                . = (. + HEAP_SIZE)
 *fill*         0x200021b0      0x400 
                0x200025b0                __HeapLimit = .
                0x200025b0                __heap_limit = .

.stack          0x200025b0      0x400
                0x200025b0                . = ALIGN (0x8)
                0x200029b0                . = (. + STACK_SIZE)
 *fill*         0x200025b0      0x400 
                0x20007000                __StackTop = (ORIGIN (m_data_2) + 0x7000)
                0x20006c00                __StackLimit = (__StackTop - STACK_SIZE)
                0x20007000                PROVIDE (__stack, __StackTop)

.ARM.attributes
                0x00000000       0x30
 *(.ARM.attributes)
 .ARM.attributes
                0x00000000       0x22 e:/nxp/s32ds_arm_v1.3/cross_tools/gcc-arm-none-eabi-4_9/bin/../lib/gcc/arm-none-eabi/4.9.3/armv7e-m/fpu/crti.o
 .ARM.attributes
                0x00000022       0x34 e:/nxp/s32ds_arm_v1.3/cross_tools/gcc-arm-none-eabi-4_9/bin/../lib/gcc/arm-none-eabi/4.9.3/armv7e-m/fpu/crtbegin.o
 .ARM.attributes
                0x00000056       0x1f ./Project_Settings/Startup_Code/startup_S32K144.o
 .ARM.attributes
                0x00000075       0x39 ./SDK/platform/devices/S32K144/startup/system_S32K144.o
 .ARM.attributes
                0x000000ae       0x39 ./SDK/platform/devices/startup.o
 .ARM.attributes
                0x000000e7       0x39 ./SDK/rtos/FreeRTOS_S32K/Source/portable/GCC/ARM_CM4F/port.o
 .ARM.attributes
                0x00000120       0x39 ./SDK/rtos/FreeRTOS_S32K/Source/portable/MemMang/heap_2.o
 .ARM.attributes
                0x00000159       0x39 ./SDK/rtos/FreeRTOS_S32K/Source/timers.o
 .ARM.attributes
                0x00000192       0x39 ./SDK/rtos/FreeRTOS_S32K/Source/tasks.o
 .ARM.attributes
                0x000001cb       0x39 ./SDK/rtos/FreeRTOS_S32K/Source/queue.o
 .ARM.attributes
                0x00000204       0x39 ./SDK/rtos/FreeRTOS_S32K/Source/list.o
 .ARM.attributes
                0x0000023d       0x39 ./Sources/transceiver.o
 .ARM.attributes
                0x00000276       0x39 ./Sources/rtos_driver.o
 .ARM.attributes
                0x000002af       0x39 ./Sources/main.o
 .ARM.attributes
                0x000002e8       0x39 ./Sources/clocks_and_modes.o
 .ARM.attributes
                0x00000321       0x39 ./Sources/can_driver.o
 .ARM.attributes
                0x0000035a       0x34 E:/NXP/S32DS_ARM_v1.3/Cross_Tools/gcc-arm-none-eabi-4_9/arm-none-eabi/newlib/lib/armv7e-m/fpu\libc_nano.a(lib_a-memcpy.o)
 .ARM.attributes
                0x0000038e       0x34 E:/NXP/S32DS_ARM_v1.3/Cross_Tools/gcc-arm-none-eabi-4_9/arm-none-eabi/newlib/lib/armv7e-m/fpu\libc_nano.a(lib_a-memset.o)
 .ARM.attributes
                0x000003c2       0x34 e:/nxp/s32ds_arm_v1.3/cross_tools/gcc-arm-none-eabi-4_9/bin/../lib/gcc/arm-none-eabi/4.9.3/armv7e-m/fpu/crtend.o
 .ARM.attributes
                0x000003f6       0x22 e:/nxp/s32ds_arm_v1.3/cross_tools/gcc-arm-none-eabi-4_9/bin/../lib/gcc/arm-none-eabi/4.9.3/armv7e-m/fpu/crtn.o
                0x00000001                ASSERT ((__StackLimit >= __HeapLimit), region m_data_2 overflowed with stack and heap)
OUTPUT(S32K144_FreeRTOS.elf elf32-littlearm)

.debug_line     0x00000000     0x4728
 .debug_line    0x00000000       0x83 ./Project_Settings/Startup_Code/startup_S32K144.o
 .debug_line    0x00000083      0x322 ./SDK/platform/devices/S32K144/startup/system_S32K144.o
 .debug_line    0x000003a5      0x292 ./SDK/platform/devices/startup.o
 .debug_line    0x00000637      0x4e7 ./SDK/rtos/FreeRTOS_S32K/Source/portable/GCC/ARM_CM4F/port.o
 .debug_line    0x00000b1e      0x3cc ./SDK/rtos/FreeRTOS_S32K/Source/portable/MemMang/heap_2.o
 .debug_line    0x00000eea      0x609 ./SDK/rtos/FreeRTOS_S32K/Source/timers.o
 .debug_line    0x000014f3      0xe1d ./SDK/rtos/FreeRTOS_S32K/Source/tasks.o
 .debug_line    0x00002310      0xaa1 ./SDK/rtos/FreeRTOS_S32K/Source/queue.o
 .debug_line    0x00002db1      0x37a ./SDK/rtos/FreeRTOS_S32K/Source/list.o
 .debug_line    0x0000312b      0x253 ./Sources/transceiver.o
 .debug_line    0x0000337e      0x809 ./Sources/rtos_driver.o
 .debug_line    0x00003b87      0x6eb ./Sources/main.o
 .debug_line    0x00004272      0x210 ./Sources/clocks_and_modes.o
 .debug_line    0x00004482      0x2a6 ./Sources/can_driver.o

.debug_info     0x00000000     0x64e7
 .debug_info    0x00000000       0x8c ./Project_Settings/Startup_Code/startup_S32K144.o
 .debug_info    0x0000008c      0x4f2 ./SDK/platform/devices/S32K144/startup/system_S32K144.o
 .debug_info    0x0000057e      0x3e4 ./SDK/platform/devices/startup.o
 .debug_info    0x00000962      0x512 ./SDK/rtos/FreeRTOS_S32K/Source/portable/GCC/ARM_CM4F/port.o
 .debug_info    0x00000e74      0x2bf ./SDK/rtos/FreeRTOS_S32K/Source/portable/MemMang/heap_2.o
 .debug_info    0x00001133      0xb3c ./SDK/rtos/FreeRTOS_S32K/Source/timers.o
 .debug_info    0x00001c6f     0x1a25 ./SDK/rtos/FreeRTOS_S32K/Source/tasks.o
 .debug_info    0x00003694     0x1133 ./SDK/rtos/FreeRTOS_S32K/Source/queue.o
 .debug_info    0x000047c7      0x28f ./SDK/rtos/FreeRTOS_S32K/Source/list.o
 .debug_info    0x00004a56      0x469 ./Sources/transceiver.o
 .debug_info    0x00004ebf      0x78e ./Sources/rtos_driver.o
 .debug_info    0x0000564d      0x5d7 ./Sources/main.o
 .debug_info    0x00005c24      0x262 ./Sources/clocks_and_modes.o
 .debug_info    0x00005e86      0x661 ./Sources/can_driver.o

.debug_abbrev   0x00000000     0x1268
 .debug_abbrev  0x00000000       0x14 ./Project_Settings/Startup_Code/startup_S32K144.o
 .debug_abbrev  0x00000014      0x118 ./SDK/platform/devices/S32K144/startup/system_S32K144.o
 .debug_abbrev  0x0000012c      0x101 ./SDK/platform/devices/startup.o
 .debug_abbrev  0x0000022d      0x1c0 ./SDK/rtos/FreeRTOS_S32K/Source/portable/GCC/ARM_CM4F/port.o
 .debug_abbrev  0x000003ed      0x155 ./SDK/rtos/FreeRTOS_S32K/Source/portable/MemMang/heap_2.o
 .debug_abbrev  0x00000542      0x1ea ./SDK/rtos/FreeRTOS_S32K/Source/timers.o
 .debug_abbrev  0x0000072c      0x276 ./SDK/rtos/FreeRTOS_S32K/Source/tasks.o
 .debug_abbrev  0x000009a2      0x1d7 ./SDK/rtos/FreeRTOS_S32K/Source/queue.o
 .debug_abbrev  0x00000b79       0xc1 ./SDK/rtos/FreeRTOS_S32K/Source/list.o
 .debug_abbrev  0x00000c3a      0x132 ./Sources/transceiver.o
 .debug_abbrev  0x00000d6c      0x1a8 ./Sources/rtos_driver.o
 .debug_abbrev  0x00000f14      0x118 ./Sources/main.o
 .debug_abbrev  0x0000102c       0xc2 ./Sources/clocks_and_modes.o
 .debug_abbrev  0x000010ee      0x17a ./Sources/can_driver.o

.debug_aranges  0x00000000      0x5f0
 .debug_aranges
                0x00000000       0x20 ./Project_Settings/Startup_Code/startup_S32K144.o
 .debug_aranges
                0x00000020       0x30 ./SDK/platform/devices/S32K144/startup/system_S32K144.o
 .debug_aranges
                0x00000050       0x20 ./SDK/platform/devices/startup.o
 .debug_aranges
                0x00000070       0x80 ./SDK/rtos/FreeRTOS_S32K/Source/portable/GCC/ARM_CM4F/port.o
 .debug_aranges
                0x000000f0       0x40 ./SDK/rtos/FreeRTOS_S32K/Source/portable/MemMang/heap_2.o
 .debug_aranges
                0x00000130       0xa8 ./SDK/rtos/FreeRTOS_S32K/Source/timers.o
 .debug_aranges
                0x000001d8      0x1a0 ./SDK/rtos/FreeRTOS_S32K/Source/tasks.o
 .debug_aranges
                0x00000378       0xe0 ./SDK/rtos/FreeRTOS_S32K/Source/queue.o
 .debug_aranges
                0x00000458       0x40 ./SDK/rtos/FreeRTOS_S32K/Source/list.o
 .debug_aranges
                0x00000498       0x48 ./Sources/transceiver.o
 .debug_aranges
                0x000004e0       0x70 ./Sources/rtos_driver.o
 .debug_aranges
                0x00000550       0x20 ./Sources/main.o
 .debug_aranges
                0x00000570       0x30 ./Sources/clocks_and_modes.o
 .debug_aranges
                0x000005a0       0x50 ./Sources/can_driver.o

.debug_ranges   0x00000000      0x500
 .debug_ranges  0x00000000       0x20 ./SDK/platform/devices/S32K144/startup/system_S32K144.o
 .debug_ranges  0x00000020       0x10 ./SDK/platform/devices/startup.o
 .debug_ranges  0x00000030       0x70 ./SDK/rtos/FreeRTOS_S32K/Source/portable/GCC/ARM_CM4F/port.o
 .debug_ranges  0x000000a0       0x30 ./SDK/rtos/FreeRTOS_S32K/Source/portable/MemMang/heap_2.o
 .debug_ranges  0x000000d0       0x98 ./SDK/rtos/FreeRTOS_S32K/Source/timers.o
 .debug_ranges  0x00000168      0x190 ./SDK/rtos/FreeRTOS_S32K/Source/tasks.o
 .debug_ranges  0x000002f8       0xd0 ./SDK/rtos/FreeRTOS_S32K/Source/queue.o
 .debug_ranges  0x000003c8       0x30 ./SDK/rtos/FreeRTOS_S32K/Source/list.o
 .debug_ranges  0x000003f8       0x38 ./Sources/transceiver.o
 .debug_ranges  0x00000430       0x60 ./Sources/rtos_driver.o
 .debug_ranges  0x00000490       0x10 ./Sources/main.o
 .debug_ranges  0x000004a0       0x20 ./Sources/clocks_and_modes.o
 .debug_ranges  0x000004c0       0x40 ./Sources/can_driver.o

.debug_macro    0x00000000     0x1c9a
 .debug_macro   0x00000000       0xc6 ./SDK/platform/devices/S32K144/startup/system_S32K144.o
 .debug_macro   0x000000c6       0xc7 ./SDK/platform/devices/startup.o
 .debug_macro   0x0000018d      0x1e4 ./SDK/rtos/FreeRTOS_S32K/Source/portable/GCC/ARM_CM4F/port.o
 .debug_macro   0x00000371      0x167 ./SDK/rtos/FreeRTOS_S32K/Source/portable/GCC/ARM_CM4F/port.o
 .debug_macro   0x000004d8      0x15d ./SDK/rtos/FreeRTOS_S32K/Source/portable/GCC/ARM_CM4F/port.o
 .debug_macro   0x00000635       0xe4 ./SDK/rtos/FreeRTOS_S32K/Source/portable/GCC/ARM_CM4F/port.o
 .debug_macro   0x00000719       0x10 ./SDK/rtos/FreeRTOS_S32K/Source/portable/GCC/ARM_CM4F/port.o
 .debug_macro   0x00000729       0x1f ./SDK/rtos/FreeRTOS_S32K/Source/portable/GCC/ARM_CM4F/port.o
 .debug_macro   0x00000748      0x345 ./SDK/rtos/FreeRTOS_S32K/Source/portable/GCC/ARM_CM4F/port.o
 .debug_macro   0x00000a8d       0xc0 ./SDK/rtos/FreeRTOS_S32K/Source/portable/GCC/ARM_CM4F/port.o
 .debug_macro   0x00000b4d       0x8c ./SDK/rtos/FreeRTOS_S32K/Source/portable/GCC/ARM_CM4F/port.o
 .debug_macro   0x00000bd9      0x168 ./SDK/rtos/FreeRTOS_S32K/Source/portable/MemMang/heap_2.o
 .debug_macro   0x00000d41       0x2e ./SDK/rtos/FreeRTOS_S32K/Source/portable/MemMang/heap_2.o
 .debug_macro   0x00000d6f      0x177 ./SDK/rtos/FreeRTOS_S32K/Source/timers.o
 .debug_macro   0x00000ee6       0xb0 ./SDK/rtos/FreeRTOS_S32K/Source/timers.o
 .debug_macro   0x00000f96       0x91 ./SDK/rtos/FreeRTOS_S32K/Source/timers.o
 .debug_macro   0x00001027      0x1f6 ./SDK/rtos/FreeRTOS_S32K/Source/tasks.o
 .debug_macro   0x0000121d       0x10 ./SDK/rtos/FreeRTOS_S32K/Source/tasks.o
 .debug_macro   0x0000122d       0x16 ./SDK/rtos/FreeRTOS_S32K/Source/tasks.o
 .debug_macro   0x00001243      0x1ba ./SDK/rtos/FreeRTOS_S32K/Source/queue.o
 .debug_macro   0x000013fd      0x13a ./SDK/rtos/FreeRTOS_S32K/Source/list.o
 .debug_macro   0x00001537       0x95 ./Sources/transceiver.o
 .debug_macro   0x000015cc      0x259 ./Sources/rtos_driver.o
 .debug_macro   0x00001825       0x4c ./Sources/rtos_driver.o
 .debug_macro   0x00001871       0x1c ./Sources/rtos_driver.o
 .debug_macro   0x0000188d      0x248 ./Sources/main.o
 .debug_macro   0x00001ad5       0x8f ./Sources/clocks_and_modes.o
 .debug_macro   0x00001b64      0x136 ./Sources/can_driver.o

.debug_str      0x00000000    0x68e49
 .debug_str     0x00000000    0x60c24 ./SDK/platform/devices/S32K144/startup/system_S32K144.o
                              0x60cb0 (size before relaxing)
 .debug_str     0x00060c24      0x117 ./SDK/platform/devices/startup.o
                              0x60bdd (size before relaxing)
 .debug_str     0x00060d3b     0x3e5c ./SDK/rtos/FreeRTOS_S32K/Source/portable/GCC/ARM_CM4F/port.o
                               0x79f3 (size before relaxing)
 .debug_str     0x00064b97      0x46c ./SDK/rtos/FreeRTOS_S32K/Source/portable/MemMang/heap_2.o
                               0x75c1 (size before relaxing)
 .debug_str     0x00065003     0x16de ./SDK/rtos/FreeRTOS_S32K/Source/timers.o
                               0x89f7 (size before relaxing)
 .debug_str     0x000666e1     0x108f ./SDK/rtos/FreeRTOS_S32K/Source/tasks.o
                               0x8c47 (size before relaxing)
 .debug_str     0x00067770      0x5f9 ./SDK/rtos/FreeRTOS_S32K/Source/queue.o
                               0x849d (size before relaxing)
 .debug_str     0x00067d69       0xb1 ./SDK/rtos/FreeRTOS_S32K/Source/list.o
                               0x6d95 (size before relaxing)
 .debug_str     0x00067e1a      0x150 ./Sources/transceiver.o
                              0x5d941 (size before relaxing)
 .debug_str     0x00067f6a      0x97e ./Sources/rtos_driver.o
                              0x65ddc (size before relaxing)
 .debug_str     0x000688e8      0x18a ./Sources/main.o
                              0x63bc1 (size before relaxing)
 .debug_str     0x00068a72       0x52 ./Sources/clocks_and_modes.o
                              0x5d8c2 (size before relaxing)
 .debug_str     0x00068ac4      0x385 ./Sources/can_driver.o
                              0x5dd45 (size before relaxing)

.comment        0x00000000       0x70
 .comment       0x00000000       0x70 ./SDK/platform/devices/S32K144/startup/system_S32K144.o
                                 0x71 (size before relaxing)
 .comment       0x00000000       0x71 ./SDK/platform/devices/startup.o
 .comment       0x00000000       0x71 ./SDK/rtos/FreeRTOS_S32K/Source/portable/GCC/ARM_CM4F/port.o
 .comment       0x00000000       0x71 ./SDK/rtos/FreeRTOS_S32K/Source/portable/MemMang/heap_2.o
 .comment       0x00000000       0x71 ./SDK/rtos/FreeRTOS_S32K/Source/timers.o
 .comment       0x00000000       0x71 ./SDK/rtos/FreeRTOS_S32K/Source/tasks.o
 .comment       0x00000000       0x71 ./SDK/rtos/FreeRTOS_S32K/Source/queue.o
 .comment       0x00000000       0x71 ./SDK/rtos/FreeRTOS_S32K/Source/list.o
 .comment       0x00000000       0x71 ./Sources/transceiver.o
 .comment       0x00000000       0x71 ./Sources/rtos_driver.o
 .comment       0x00000000       0x71 ./Sources/main.o
 .comment       0x00000000       0x71 ./Sources/clocks_and_modes.o
 .comment       0x00000000       0x71 ./Sources/can_driver.o

.debug_frame    0x00000000     0x15d8
 .debug_frame   0x00000000       0x80 ./SDK/platform/devices/S32K144/startup/system_S32K144.o
 .debug_frame   0x00000080       0x38 ./SDK/platform/devices/startup.o
 .debug_frame   0x000000b8      0x19c ./SDK/rtos/FreeRTOS_S32K/Source/portable/GCC/ARM_CM4F/port.o
 .debug_frame   0x00000254       0xc0 ./SDK/rtos/FreeRTOS_S32K/Source/portable/MemMang/heap_2.o
 .debug_frame   0x00000314      0x2a4 ./SDK/rtos/FreeRTOS_S32K/Source/timers.o
 .debug_frame   0x000005b8      0x708 ./SDK/rtos/FreeRTOS_S32K/Source/tasks.o
 .debug_frame   0x00000cc0      0x3a8 ./SDK/rtos/FreeRTOS_S32K/Source/queue.o
 .debug_frame   0x00001068       0xd8 ./SDK/rtos/FreeRTOS_S32K/Source/list.o
 .debug_frame   0x00001140       0xe4 ./Sources/transceiver.o
 .debug_frame   0x00001224      0x1ac ./Sources/rtos_driver.o
 .debug_frame   0x000013d0       0x2c ./Sources/main.o
 .debug_frame   0x000013fc       0x70 ./Sources/clocks_and_modes.o
 .debug_frame   0x0000146c      0x124 ./Sources/can_driver.o
 .debug_frame   0x00001590       0x28 E:/NXP/S32DS_ARM_v1.3/Cross_Tools/gcc-arm-none-eabi-4_9/arm-none-eabi/newlib/lib/armv7e-m/fpu\libc_nano.a(lib_a-memcpy.o)
 .debug_frame   0x000015b8       0x20 E:/NXP/S32DS_ARM_v1.3/Cross_Tools/gcc-arm-none-eabi-4_9/arm-none-eabi/newlib/lib/armv7e-m/fpu\libc_nano.a(lib_a-memset.o)
