Archive member included because of file (symbol)

C:/nxp/S32DS_ARM_v1.3/Cross_Tools/gcc-arm-none-eabi-4_9/arm-none-eabi/newlib/lib/armv7e-m/fpu\libc_nano.a(lib_a-exit.o)
                              C:/nxp/S32DS_ARM_v1.3/Cross_Tools/gcc-arm-none-eabi-4_9/arm-none-eabi/newlib/lib/armv7e-m/fpu/crt0.o (exit)
C:/nxp/S32DS_ARM_v1.3/Cross_Tools/gcc-arm-none-eabi-4_9/arm-none-eabi/newlib/lib/armv7e-m/fpu\libc_nano.a(lib_a-impure.o)
                              C:/nxp/S32DS_ARM_v1.3/Cross_Tools/gcc-arm-none-eabi-4_9/arm-none-eabi/newlib/lib/armv7e-m/fpu\libc_nano.a(lib_a-exit.o) (_global_impure_ptr)
C:/nxp/S32DS_ARM_v1.3/Cross_Tools/gcc-arm-none-eabi-4_9/arm-none-eabi/newlib/lib/armv7e-m/fpu\libc_nano.a(lib_a-init.o)
                              C:/nxp/S32DS_ARM_v1.3/Cross_Tools/gcc-arm-none-eabi-4_9/arm-none-eabi/newlib/lib/armv7e-m/fpu/crt0.o (__libc_init_array)
C:/nxp/S32DS_ARM_v1.3/Cross_Tools/gcc-arm-none-eabi-4_9/arm-none-eabi/newlib/lib/armv7e-m/fpu\libc_nano.a(lib_a-memcpy.o)
                              ./SDK/rtos/FreeRTOS_S32K/Source/queue.o (memcpy)
C:/nxp/S32DS_ARM_v1.3/Cross_Tools/gcc-arm-none-eabi-4_9/arm-none-eabi/newlib/lib/armv7e-m/fpu\libc_nano.a(lib_a-memset.o)
                              C:/nxp/S32DS_ARM_v1.3/Cross_Tools/gcc-arm-none-eabi-4_9/arm-none-eabi/newlib/lib/armv7e-m/fpu/crt0.o (memset)
C:/nxp/S32DS_ARM_v1.3/Cross_Tools/gcc-arm-none-eabi-4_9/arm-none-eabi/newlib/lib/armv7e-m/fpu\libnosys.a(_exit.o)
                              C:/nxp/S32DS_ARM_v1.3/Cross_Tools/gcc-arm-none-eabi-4_9/arm-none-eabi/newlib/lib/armv7e-m/fpu\libc_nano.a(lib_a-exit.o) (_exit)

Allocating common symbols
Common symbol       size              file

g_xtal0ClkFreq      0x4               ./SDK/platform/drivers/src/clock/S32K144/clock_S32K144.o
g_RtcClkInFreq      0x4               ./SDK/platform/drivers/src/clock/S32K144/clock_S32K144.o
g_TClkFreq          0xc               ./SDK/platform/drivers/src/clock/S32K144/clock_S32K144.o

Discarded input sections

 .text          0x00000000        0x0 c:/nxp/s32ds_arm_v1.3/cross_tools/gcc-arm-none-eabi-4_9/bin/../lib/gcc/arm-none-eabi/4.9.3/armv7e-m/fpu/crti.o
 .data          0x00000000        0x0 c:/nxp/s32ds_arm_v1.3/cross_tools/gcc-arm-none-eabi-4_9/bin/../lib/gcc/arm-none-eabi/4.9.3/armv7e-m/fpu/crti.o
 .bss           0x00000000        0x0 c:/nxp/s32ds_arm_v1.3/cross_tools/gcc-arm-none-eabi-4_9/bin/../lib/gcc/arm-none-eabi/4.9.3/armv7e-m/fpu/crti.o
 .data          0x00000000        0x4 c:/nxp/s32ds_arm_v1.3/cross_tools/gcc-arm-none-eabi-4_9/bin/../lib/gcc/arm-none-eabi/4.9.3/armv7e-m/fpu/crtbegin.o
 .text          0x00000000       0x74 C:/nxp/S32DS_ARM_v1.3/Cross_Tools/gcc-arm-none-eabi-4_9/arm-none-eabi/newlib/lib/armv7e-m/fpu/crt0.o
 .data          0x00000000        0x0 C:/nxp/S32DS_ARM_v1.3/Cross_Tools/gcc-arm-none-eabi-4_9/arm-none-eabi/newlib/lib/armv7e-m/fpu/crt0.o
 .bss           0x00000000        0x0 C:/nxp/S32DS_ARM_v1.3/Cross_Tools/gcc-arm-none-eabi-4_9/arm-none-eabi/newlib/lib/armv7e-m/fpu/crt0.o
 .ARM.extab     0x00000000        0x0 C:/nxp/S32DS_ARM_v1.3/Cross_Tools/gcc-arm-none-eabi-4_9/arm-none-eabi/newlib/lib/armv7e-m/fpu/crt0.o
 .ARM.exidx     0x00000000        0x8 C:/nxp/S32DS_ARM_v1.3/Cross_Tools/gcc-arm-none-eabi-4_9/arm-none-eabi/newlib/lib/armv7e-m/fpu/crt0.o
 .ARM.attributes
                0x00000000       0x20 C:/nxp/S32DS_ARM_v1.3/Cross_Tools/gcc-arm-none-eabi-4_9/arm-none-eabi/newlib/lib/armv7e-m/fpu/crt0.o
 .group         0x00000000        0x8 ./Generated_Code/pin_mux.o
 .group         0x00000000        0x8 ./Generated_Code/pin_mux.o
 .group         0x00000000        0x8 ./Generated_Code/pin_mux.o
 .group         0x00000000        0x8 ./Generated_Code/pin_mux.o
 .group         0x00000000        0x8 ./Generated_Code/pin_mux.o
 .group         0x00000000        0x8 ./Generated_Code/pin_mux.o
 .group         0x00000000        0x8 ./Generated_Code/pin_mux.o
 .group         0x00000000        0x8 ./Generated_Code/pin_mux.o
 .group         0x00000000        0x8 ./Generated_Code/pin_mux.o
 .group         0x00000000        0x8 ./Generated_Code/pin_mux.o
 .group         0x00000000        0x8 ./Generated_Code/pin_mux.o
 .group         0x00000000        0x8 ./Generated_Code/pin_mux.o
 .group         0x00000000        0x8 ./Generated_Code/pin_mux.o
 .group         0x00000000        0x8 ./Generated_Code/pin_mux.o
 .text          0x00000000        0x0 ./Generated_Code/pin_mux.o
 .data          0x00000000        0x0 ./Generated_Code/pin_mux.o
 .bss           0x00000000        0x0 ./Generated_Code/pin_mux.o
 .data.g_pin_mux_InitConfigArr
                0x00000000      0xde8 ./Generated_Code/pin_mux.o
 .debug_info    0x00000000      0x379 ./Generated_Code/pin_mux.o
 .debug_abbrev  0x00000000       0xe9 ./Generated_Code/pin_mux.o
 .debug_aranges
                0x00000000       0x18 ./Generated_Code/pin_mux.o
 .debug_macro   0x00000000       0xfa ./Generated_Code/pin_mux.o
[...]
Memory Configuration

Name             Origin             Length             Attributes
m_interrupts     0x00000000         0x00000400         xr
m_flash_config   0x00000400         0x00000010         xr
m_text           0x00000410         0x0007fbf0         xr
m_data           0x1fff8000         0x00008000         rw
m_data_2         0x20000000         0x00007000         rw
*default*        0x00000000         0xffffffff

Linker script and memory map

LOAD c:/nxp/s32ds_arm_v1.3/cross_tools/gcc-arm-none-eabi-4_9/bin/../lib/gcc/arm-none-eabi/4.9.3/armv7e-m/fpu/crti.o
LOAD c:/nxp/s32ds_arm_v1.3/cross_tools/gcc-arm-none-eabi-4_9/bin/../lib/gcc/arm-none-eabi/4.9.3/armv7e-m/fpu/crtbegin.o
LOAD C:/nxp/S32DS_ARM_v1.3/Cross_Tools/gcc-arm-none-eabi-4_9/arm-none-eabi/newlib/lib/armv7e-m/fpu/crt0.o
LOAD ./Generated_Code/pin_mux.o
LOAD ./Generated_Code/clockMan1.o
LOAD ./Generated_Code/Cpu.o
LOAD ./Project_Settings/Startup_Code/startup_S32K144.o
LOAD ./SDK/platform/devices/S32K144/startup/system_S32K144.o
LOAD ./SDK/platform/devices/startup.o
LOAD ./SDK/platform/drivers/src/clock/S32K144/clock_S32K144.o
LOAD ./SDK/platform/drivers/src/clock/clock_manager.o
LOAD ./SDK/platform/drivers/src/interrupt/interrupt_manager.o
LOAD ./SDK/platform/drivers/src/pins/pins_driver.o
LOAD ./SDK/platform/hal/src/pcc/pcc_hal.o
LOAD ./SDK/platform/hal/src/pmc/pmc_hal.o
LOAD ./SDK/platform/hal/src/port/port_hal.o
LOAD ./SDK/platform/hal/src/scg/scg_hal.o
LOAD ./SDK/platform/hal/src/sim/S32K144/sim_hal_S32K144.o
LOAD ./SDK/platform/hal/src/smc/smc_hal.o
LOAD ./SDK/rtos/FreeRTOS_S32K/Source/portable/GCC/ARM_CM4F/port.o
LOAD ./SDK/rtos/FreeRTOS_S32K/Source/portable/MemMang/heap_2.o
LOAD ./SDK/rtos/FreeRTOS_S32K/Source/timers.o
LOAD ./SDK/rtos/FreeRTOS_S32K/Source/tasks.o
LOAD ./SDK/rtos/FreeRTOS_S32K/Source/queue.o
LOAD ./SDK/rtos/FreeRTOS_S32K/Source/list.o
LOAD ./SDK/rtos/FreeRTOS_S32K/Source/event_groups.o
LOAD ./SDK/rtos/FreeRTOS_S32K/Source/croutine.o
LOAD ./Sources/transceiver.o
LOAD ./Sources/rtos_driver.o
LOAD ./Sources/main.o
LOAD ./Sources/clocks_and_modes.o
LOAD ./Sources/can_driver.o
LOAD ./Sources/ADC.o
START GROUP
LOAD c:/nxp/s32ds_arm_v1.3/cross_tools/gcc-arm-none-eabi-4_9/bin/../lib/gcc/arm-none-eabi/4.9.3/armv7e-m/fpu\libgcc.a
LOAD C:/nxp/S32DS_ARM_v1.3/Cross_Tools/gcc-arm-none-eabi-4_9/arm-none-eabi/newlib/lib/armv7e-m/fpu\libc_nano.a
END GROUP
START GROUP
LOAD c:/nxp/s32ds_arm_v1.3/cross_tools/gcc-arm-none-eabi-4_9/bin/../lib/gcc/arm-none-eabi/4.9.3/armv7e-m/fpu\libgcc.a
LOAD C:/nxp/S32DS_ARM_v1.3/Cross_Tools/gcc-arm-none-eabi-4_9/arm-none-eabi/newlib/lib/armv7e-m/fpu\libc_nano.a
LOAD C:/nxp/S32DS_ARM_v1.3/Cross_Tools/gcc-arm-none-eabi-4_9/arm-none-eabi/newlib/lib/armv7e-m/fpu\libnosys.a
END GROUP
START GROUP
LOAD c:/nxp/s32ds_arm_v1.3/cross_tools/gcc-arm-none-eabi-4_9/bin/../lib/gcc/arm-none-eabi/4.9.3/armv7e-m/fpu\libgcc.a
LOAD C:/nxp/S32DS_ARM_v1.3/Cross_Tools/gcc-arm-none-eabi-4_9/arm-none-eabi/newlib/lib/armv7e-m/fpu\libc_nano.a
LOAD C:/nxp/S32DS_ARM_v1.3/Cross_Tools/gcc-arm-none-eabi-4_9/arm-none-eabi/newlib/lib/armv7e-m/fpu\libnosys.a
END GROUP
LOAD c:/nxp/s32ds_arm_v1.3/cross_tools/gcc-arm-none-eabi-4_9/bin/../lib/gcc/arm-none-eabi/4.9.3/armv7e-m/fpu/crtend.o
LOAD c:/nxp/s32ds_arm_v1.3/cross_tools/gcc-arm-none-eabi-4_9/bin/../lib/gcc/arm-none-eabi/4.9.3/armv7e-m/fpu/crtn.o
                0x00000400                HEAP_SIZE = DEFINED (__heap_size__)?__heap_size__:0x400
                0x00000400                STACK_SIZE = DEFINED (__stack_size__)?__stack_size__:0x400
                0x00000400                M_VECTOR_RAM_SIZE = DEFINED (__flash_vector_table__)?0x0:0x400

.interrupts     0x00000000      0x400
                0x00000000                __VECTOR_TABLE = .
                0x00000000                . = ALIGN (0x4)
 *(.isr_vector)
 .isr_vector    0x00000000      0x400 ./Project_Settings/Startup_Code/startup_S32K144.o
                0x00000000                __isr_vector
                0x00000400                . = ALIGN (0x4)

.flash_config   0x00000400       0x10
                0x00000400                . = ALIGN (0x4)
 *(.FlashConfig)
 .FlashConfig   0x00000400       0x10 ./Project_Settings/Startup_Code/startup_S32K144.o
                0x00000410                . = ALIGN (0x4)

.text           0x00000410     0x3fc4
                0x00000410                . = ALIGN (0x4)
 *(.text)
 .text          0x00000410       0x5c c:/nxp/s32ds_arm_v1.3/cross_tools/gcc-arm-none-eabi-4_9/bin/../lib/gcc/arm-none-eabi/4.9.3/armv7e-m/fpu/crtbegin.o
 .text          0x0000046c       0x44 ./Project_Settings/Startup_Code/startup_S32K144.o
                0x0000046c                Reset_Handler
                0x000004ac                DebugMon_Handler
                0x000004ac                Reserved88_IRQHandler
                0x000004ac                CAN0_ORed_IRQHandler
                0x000004ac                HardFault_Handler
                0x000004ac                Reserved86_IRQHandler
                0x000004ac                Reserved103_IRQHandler
                0x000004ac                FTM2_Ovf_Reload_IRQHandler
                0x000004ac                Reserved50_IRQHandler
                0x000004ac                FTFC_Fault_IRQHandler
                0x000004ac                FTM0_Ch6_Ch7_IRQHandler
                0x000004ac                Reserved114_IRQHandler
                0x000004ac                NMI_Handler
                0x000004ac                Reserved89_IRQHandler
                0x000004ac                ERM_double_fault_IRQHandler
                0x000004ac                DMA2_IRQHandler
                0x000004ac                Reserved59_IRQHandler
                0x000004ac                LPIT0_Ch0_IRQHandler
                0x000004ac                Reserved99_IRQHandler
                0x000004ac                FTM3_Ch6_Ch7_IRQHandler
                0x000004ac                CAN2_ORed_0_15_MB_IRQHandler
                0x000004ac                LPIT0_Ch3_IRQHandler
                0x000004ac                Reserved92_IRQHandler
                0x000004ac                FTM0_Ch4_Ch5_IRQHandler
                0x000004ac                CAN1_Error_IRQHandler
                0x000004ac                FTM3_Ch0_Ch1_IRQHandler
                0x000004ac                SWI_IRQHandler
                0x000004ac                ADC0_IRQHandler
                0x000004ac                FTM2_Ch4_Ch5_IRQHandler
                0x000004ac                UsageFault_Handler
                0x000004ac                FTM0_Ovf_Reload_IRQHandler
                0x000004ac                DefaultISR
                0x000004ac                DMA9_IRQHandler
                0x000004ac                Reserved58_IRQHandler
                0x000004ac                CAN1_ORed_0_15_MB_IRQHandler
                0x000004ac                FTM1_Ch2_Ch3_IRQHandler
                0x000004ac                DMA14_IRQHandler
                0x000004ac                Reserved82_IRQHandler
                0x000004ac                CAN0_ORed_16_31_MB_IRQHandler
                0x000004ac                LPI2C0_Slave_IRQHandler
                0x000004ac                Reserved71_IRQHandler
                0x000004ac                PORTD_IRQHandler
                0x000004ac                Reserved69_IRQHandler
                0x000004ac                PORTB_IRQHandler
                0x000004ac                Reserved70_IRQHandler
                0x000004ac                ADC1_IRQHandler
                0x000004ac                FTM2_Ch2_Ch3_IRQHandler
                0x000004ac                Reserved53_IRQHandler
                0x000004ac                DMA5_IRQHandler
                0x000004ac                RTC_IRQHandler
                0x000004ac                PDB0_IRQHandler
                0x000004ac                Reserved54_IRQHandler
                0x000004ac                FTM2_Ch6_Ch7_IRQHandler
                0x000004ac                FTM3_Ch2_Ch3_IRQHandler
                0x000004ac                FTM2_Ch0_Ch1_IRQHandler
                0x000004ac                LPSPI1_IRQHandler
                0x000004ac                LPUART1_RxTx_IRQHandler
                0x000004ac                RTC_Seconds_IRQHandler
                0x000004ac                CAN2_ORed_IRQHandler
                0x000004ac                Reserved72_IRQHandler
                0x000004ac                Reserved110_IRQHandler
                0x000004ac                DMA11_IRQHandler
                0x000004ac                Reserved107_IRQHandler
                0x000004ac                Read_Collision_IRQHandler
                0x000004ac                CAN2_Error_IRQHandler
                0x000004ac                FTFC_IRQHandler
                0x000004ac                DMA7_IRQHandler
                0x000004ac                FTM1_Ch6_Ch7_IRQHandler
                0x000004ac                Reserved105_IRQHandler
                0x000004ac                LPIT0_Ch1_IRQHandler
                0x000004ac                FTM1_Ch4_Ch5_IRQHandler
                0x000004ac                FTM3_Ovf_Reload_IRQHandler
                0x000004ac                LPUART2_RxTx_IRQHandler
                0x000004ac                LPSPI0_IRQHandler
                0x000004ac                WDOG_EWM_IRQHandler
                0x000004ac                MemManage_Handler
                0x000004ac                Reserved90_IRQHandler
                0x000004ac                Reserved83_IRQHandler
                0x000004ac                FTM0_Fault_IRQHandler
                0x000004ac                Reserved48_IRQHandler
                0x000004ac                ERM_single_fault_IRQHandler
                0x000004ac                FTM2_Fault_IRQHandler
                0x000004ac                FTM0_Ch2_Ch3_IRQHandler
                0x000004ac                DMA13_IRQHandler
                0x000004ac                FTM0_Ch0_Ch1_IRQHandler
                0x000004ac                FTM3_Fault_IRQHandler
                0x000004ac                RCM_IRQHandler
                0x000004ac                DMA3_IRQHandler
                0x000004ac                Reserved100_IRQHandler
                0x000004ac                DMA0_IRQHandler
                0x000004ac                Reserved91_IRQHandler
                0x000004ac                CAN1_ORed_IRQHandler
                0x000004ac                DMA15_IRQHandler
                0x000004ac                SCG_IRQHandler
                0x000004ac                PDB1_IRQHandler
                0x000004ac                Reserved81_IRQHandler
                0x000004ac                Reserved46_IRQHandler
                0x000004ac                Reserved45_IRQHandler
                0x000004ac                CAN0_Error_IRQHandler
                0x000004ac                Reserved112_IRQHandler
                0x000004ac                LPI2C0_Master_IRQHandler
                0x000004ac                DMA4_IRQHandler
                0x000004ac                FTM1_Fault_IRQHandler
                0x000004ac                Reserved106_IRQHandler
                0x000004ac                DMA_Error_IRQHandler
                0x000004ac                LVD_LVW_IRQHandler
                0x000004ac                LPIT0_Ch2_IRQHandler
                0x000004ac                PORTA_IRQHandler
                0x000004ac                MCM_IRQHandler
                0x000004ac                LPSPI2_IRQHandler
                0x000004ac                DMA12_IRQHandler
                0x000004ac                FTM3_Ch4_Ch5_IRQHandler
                0x000004ac                CAN0_ORed_0_15_MB_IRQHandler
                0x000004ac                PORTE_IRQHandler
                0x000004ac                LPUART0_RxTx_IRQHandler
                0x000004ac                LPTMR0_IRQHandler
                0x000004ac                BusFault_Handler
                0x000004ac                Reserved87_IRQHandler
                0x000004ac                FTM1_Ovf_Reload_IRQHandler
                0x000004ac                DMA8_IRQHandler
                0x000004ac                Reserved93_IRQHandler
                0x000004ac                DMA10_IRQHandler
                0x000004ac                CAN0_Wake_Up_IRQHandler
                0x000004ac                CMP0_IRQHandler
                0x000004ac                Reserved52_IRQHandler
                0x000004ac                PORTC_IRQHandler
                0x000004ac                DMA6_IRQHandler
                0x000004ac                FTM1_Ch0_Ch1_IRQHandler
                0x000004ac                FLEXIO_IRQHandler
                0x000004ac                DMA1_IRQHandler
                0x000004ac                Reserved113_IRQHandler
 *(.text*)
 .text.SystemInit
                0x000004b0       0x58 ./SDK/platform/devices/S32K144/startup/system_S32K144.o
                0x000004b0                SystemInit
 .text.init_data_bss
                0x00000508       0xf4 ./SDK/platform/devices/startup.o
                0x00000508                init_data_bss
 .text.INT_SYS_InstallHandler
                0x000005fc       0x44 ./SDK/platform/drivers/src/interrupt/interrupt_manager.o
                0x000005fc                INT_SYS_InstallHandler
 .text.INT_SYS_EnableIRQ
                0x00000640       0x30 ./SDK/platform/drivers/src/interrupt/interrupt_manager.o
                0x00000640                INT_SYS_EnableIRQ
 .text.pxPortInitialiseStack
                0x00000670       0x64 ./SDK/rtos/FreeRTOS_S32K/Source/portable/GCC/ARM_CM4F/port.o
                0x00000670                pxPortInitialiseStack
 .text.prvTaskExitError
                0x000006d4       0x3c ./SDK/rtos/FreeRTOS_S32K/Source/portable/GCC/ARM_CM4F/port.o
 .text.SVC_Handler
                0x00000710       0x20 ./SDK/rtos/FreeRTOS_S32K/Source/portable/GCC/ARM_CM4F/port.o
                0x00000710                SVC_Handler
 .text.prvPortStartFirstTask
                0x00000730       0x20 ./SDK/rtos/FreeRTOS_S32K/Source/portable/GCC/ARM_CM4F/port.o
 .text.xPortStartScheduler
                0x00000750      0x118 ./SDK/rtos/FreeRTOS_S32K/Source/portable/GCC/ARM_CM4F/port.o
                0x00000750                xPortStartScheduler
 .text.vPortEnterCritical
                0x00000868       0x5c ./SDK/rtos/FreeRTOS_S32K/Source/portable/GCC/ARM_CM4F/port.o
                0x00000868                vPortEnterCritical
 .text.vPortExitCritical
                0x000008c4       0x4c ./SDK/rtos/FreeRTOS_S32K/Source/portable/GCC/ARM_CM4F/port.o
                0x000008c4                vPortExitCritical
 .text.PendSV_Handler
                0x00000910       0x60 ./SDK/rtos/FreeRTOS_S32K/Source/portable/GCC/ARM_CM4F/port.o
                0x00000910                PendSV_Handler
 .text.SysTick_Handler
                0x00000970       0x44 ./SDK/rtos/FreeRTOS_S32K/Source/portable/GCC/ARM_CM4F/port.o
                0x00000970                SysTick_Handler
 .text.vPortSetupTimerInterrupt
                0x000009b4       0x24 ./SDK/rtos/FreeRTOS_S32K/Source/portable/GCC/ARM_CM4F/port.o
                0x000009b4                vPortSetupTimerInterrupt
 .text.vPortEnableVFP
                0x000009d8       0x14 ./SDK/rtos/FreeRTOS_S32K/Source/portable/GCC/ARM_CM4F/port.o
 .text.vPortValidateInterruptPriority
                0x000009ec       0x78 ./SDK/rtos/FreeRTOS_S32K/Source/portable/GCC/ARM_CM4F/port.o
                0x000009ec                vPortValidateInterruptPriority
 .text.pvPortMalloc
                0x00000a64      0x11c ./SDK/rtos/FreeRTOS_S32K/Source/portable/MemMang/heap_2.o
                0x00000a64                pvPortMalloc
 .text.vPortFree
                0x00000b80       0x70 ./SDK/rtos/FreeRTOS_S32K/Source/portable/MemMang/heap_2.o
                0x00000b80                vPortFree
 .text.prvHeapInit
                0x00000bf0       0x50 ./SDK/rtos/FreeRTOS_S32K/Source/portable/MemMang/heap_2.o
 .text.xTimerCreateTimerTask
                0x00000c40       0x64 ./SDK/rtos/FreeRTOS_S32K/Source/timers.o
                0x00000c40                xTimerCreateTimerTask
 .text.xTimerGenericCommand
                0x00000ca4       0x8c ./SDK/rtos/FreeRTOS_S32K/Source/timers.o
                0x00000ca4                xTimerGenericCommand
 .text.prvProcessExpiredTimer
                0x00000d30       0x80 ./SDK/rtos/FreeRTOS_S32K/Source/timers.o
 .text.prvTimerTask
                0x00000db0       0x24 ./SDK/rtos/FreeRTOS_S32K/Source/timers.o
 .text.prvProcessTimerOrBlockTask
                0x00000dd4       0x80 ./SDK/rtos/FreeRTOS_S32K/Source/timers.o
 .text.prvGetNextExpireTime
                0x00000e54       0x48 ./SDK/rtos/FreeRTOS_S32K/Source/timers.o
 .text.prvSampleTimeNow
                0x00000e9c       0x40 ./SDK/rtos/FreeRTOS_S32K/Source/timers.o
 .text.prvInsertTimerInActiveList
                0x00000edc       0x84 ./SDK/rtos/FreeRTOS_S32K/Source/timers.o
 .text.prvProcessReceivedCommands
                0x00000f60      0x160 ./SDK/rtos/FreeRTOS_S32K/Source/timers.o
 .text.prvSwitchTimerLists
                0x000010c0       0xc0 ./SDK/rtos/FreeRTOS_S32K/Source/timers.o
 .text.prvCheckForValidListAndQueue
                0x00001180       0x74 ./SDK/rtos/FreeRTOS_S32K/Source/timers.o
 .text.xTimerPendFunctionCallFromISR
                0x000011f4       0x44 ./SDK/rtos/FreeRTOS_S32K/Source/timers.o
                0x000011f4                xTimerPendFunctionCallFromISR
 .text.xTaskGenericCreate
                0x00001238      0x19c ./SDK/rtos/FreeRTOS_S32K/Source/tasks.o
                0x00001238                xTaskGenericCreate
 .text.sys_thread_new
                0x000013d4       0x4c ./SDK/rtos/FreeRTOS_S32K/Source/tasks.o
                0x000013d4                sys_thread_new
 .text.vTaskDelayUntil
                0x00001420      0x11c ./SDK/rtos/FreeRTOS_S32K/Source/tasks.o
                0x00001420                vTaskDelayUntil
 .text.vTaskStartScheduler
                0x0000153c       0x98 ./SDK/rtos/FreeRTOS_S32K/Source/tasks.o
                0x0000153c                vTaskStartScheduler
 .text.vTaskSuspendAll
                0x000015d4       0x1c ./SDK/rtos/FreeRTOS_S32K/Source/tasks.o
                0x000015d4                vTaskSuspendAll
 .text.xTaskResumeAll
                0x000015f0      0x12c ./SDK/rtos/FreeRTOS_S32K/Source/tasks.o
                0x000015f0                xTaskResumeAll
 .text.xTaskGetTickCount
                0x0000171c       0x20 ./SDK/rtos/FreeRTOS_S32K/Source/tasks.o
                0x0000171c                xTaskGetTickCount
 .text.xTaskIncrementTick
                0x0000173c      0x180 ./SDK/rtos/FreeRTOS_S32K/Source/tasks.o
                0x0000173c                xTaskIncrementTick
 .text.vTaskSwitchContext
                0x000018bc       0xb4 ./SDK/rtos/FreeRTOS_S32K/Source/tasks.o
                0x000018bc                vTaskSwitchContext
 .text.vTaskPlaceOnEventList
                0x00001970       0x9c ./SDK/rtos/FreeRTOS_S32K/Source/tasks.o
                0x00001970                vTaskPlaceOnEventList
 .text.vTaskPlaceOnUnorderedEventList
                0x00001a0c       0xc8 ./SDK/rtos/FreeRTOS_S32K/Source/tasks.o
                0x00001a0c                vTaskPlaceOnUnorderedEventList
 .text.vTaskPlaceOnEventListRestricted
                0x00001ad4       0x9c ./SDK/rtos/FreeRTOS_S32K/Source/tasks.o
                0x00001ad4                vTaskPlaceOnEventListRestricted
 .text.xTaskRemoveFromEventList
                0x00001b70       0xc8 ./SDK/rtos/FreeRTOS_S32K/Source/tasks.o
                0x00001b70                xTaskRemoveFromEventList
 .text.xTaskRemoveFromUnorderedEventList
                0x00001c38       0xd0 ./SDK/rtos/FreeRTOS_S32K/Source/tasks.o
                0x00001c38                xTaskRemoveFromUnorderedEventList
 .text.vTaskSetTimeOutState
                0x00001d08       0x44 ./SDK/rtos/FreeRTOS_S32K/Source/tasks.o
                0x00001d08                vTaskSetTimeOutState
 .text.xTaskCheckForTimeOut
                0x00001d4c       0xbc ./SDK/rtos/FreeRTOS_S32K/Source/tasks.o
                0x00001d4c                xTaskCheckForTimeOut
 .text.vTaskMissedYield
                0x00001e08       0x18 ./SDK/rtos/FreeRTOS_S32K/Source/tasks.o
                0x00001e08                vTaskMissedYield
 .text.prvIdleTask
                0x00001e20       0x30 ./SDK/rtos/FreeRTOS_S32K/Source/tasks.o
 .text.prvInitialiseTCBVariables
                0x00001e50       0xa4 ./SDK/rtos/FreeRTOS_S32K/Source/tasks.o
 .text.prvInitialiseTaskLists
                0x00001ef4       0x7c ./SDK/rtos/FreeRTOS_S32K/Source/tasks.o
 .text.prvCheckTasksWaitingTermination
                0x00001f70       0x74 ./SDK/rtos/FreeRTOS_S32K/Source/tasks.o
 .text.prvAddCurrentTaskToDelayedList
                0x00001fe4       0x6c ./SDK/rtos/FreeRTOS_S32K/Source/tasks.o
 .text.prvAllocateTCBAndStack
                0x00002050       0x70 ./SDK/rtos/FreeRTOS_S32K/Source/tasks.o
 .text.prvDeleteTCB
                0x000020c0       0x20 ./SDK/rtos/FreeRTOS_S32K/Source/tasks.o
 .text.prvResetNextTaskUnblockTime
                0x000020e0       0x48 ./SDK/rtos/FreeRTOS_S32K/Source/tasks.o
 .text.xTaskGetSchedulerState
                0x00002128       0x3c ./SDK/rtos/FreeRTOS_S32K/Source/tasks.o
                0x00002128                xTaskGetSchedulerState
 .text.vTaskPriorityInherit
                0x00002164       0xf0 ./SDK/rtos/FreeRTOS_S32K/Source/tasks.o
                0x00002164                vTaskPriorityInherit
 .text.xTaskPriorityDisinherit
                0x00002254      0x10c ./SDK/rtos/FreeRTOS_S32K/Source/tasks.o
                0x00002254                xTaskPriorityDisinherit
 .text.uxTaskResetEventItemValue
                0x00002360       0x30 ./SDK/rtos/FreeRTOS_S32K/Source/tasks.o
                0x00002360                uxTaskResetEventItemValue
 .text.pvTaskIncrementMutexHeldCount
                0x00002390       0x28 ./SDK/rtos/FreeRTOS_S32K/Source/tasks.o
                0x00002390                pvTaskIncrementMutexHeldCount
 .text.xQueueGenericReset
                0x000023b8       0xd0 ./SDK/rtos/FreeRTOS_S32K/Source/queue.o
                0x000023b8                xQueueGenericReset
 .text.xQueueGenericCreate
                0x00002488       0xb0 ./SDK/rtos/FreeRTOS_S32K/Source/queue.o
                0x00002488                xQueueGenericCreate
 .text.xQueueCreateMutex
                0x00002538       0x98 ./SDK/rtos/FreeRTOS_S32K/Source/queue.o
                0x00002538                xQueueCreateMutex
 .text.xQueueGenericSend
                0x000025d0      0x1ec ./SDK/rtos/FreeRTOS_S32K/Source/queue.o
                0x000025d0                xQueueGenericSend
 .text.xQueueGenericSendFromISR
                0x000027bc      0x118 ./SDK/rtos/FreeRTOS_S32K/Source/queue.o
                0x000027bc                xQueueGenericSendFromISR
 .text.xQueueGenericReceive
                0x000028d4      0x20c ./SDK/rtos/FreeRTOS_S32K/Source/queue.o
                0x000028d4                xQueueGenericReceive
 .text.prvCopyDataToQueue
                0x00002ae0       0xdc ./SDK/rtos/FreeRTOS_S32K/Source/queue.o
 .text.prvCopyDataFromQueue
                0x00002bbc       0x4c ./SDK/rtos/FreeRTOS_S32K/Source/queue.o
 .text.prvUnlockQueue
                0x00002c08       0x98 ./SDK/rtos/FreeRTOS_S32K/Source/queue.o
 .text.prvIsQueueEmpty
                0x00002ca0       0x2c ./SDK/rtos/FreeRTOS_S32K/Source/queue.o
 .text.prvIsQueueFull
                0x00002ccc       0x30 ./SDK/rtos/FreeRTOS_S32K/Source/queue.o
 .text.vQueueWaitForMessageRestricted
                0x00002cfc       0x5c ./SDK/rtos/FreeRTOS_S32K/Source/queue.o
                0x00002cfc                vQueueWaitForMessageRestricted
 .text.vListInitialise
                0x00002d58       0x40 ./SDK/rtos/FreeRTOS_S32K/Source/list.o
                0x00002d58                vListInitialise
 .text.vListInitialiseItem
                0x00002d98       0x18 ./SDK/rtos/FreeRTOS_S32K/Source/list.o
                0x00002d98                vListInitialiseItem
 .text.vListInsertEnd
                0x00002db0       0x48 ./SDK/rtos/FreeRTOS_S32K/Source/list.o
                0x00002db0                vListInsertEnd
 .text.vListInsert
                0x00002df8       0x70 ./SDK/rtos/FreeRTOS_S32K/Source/list.o
                0x00002df8                vListInsert
 .text.uxListRemove
                0x00002e68       0x54 ./SDK/rtos/FreeRTOS_S32K/Source/list.o
                0x00002e68                uxListRemove
 .text.xEventGroupCreate
                0x00002ebc       0x30 ./SDK/rtos/FreeRTOS_S32K/Source/event_groups.o
                0x00002ebc                xEventGroupCreate
 .text.xEventGroupWaitBits
                0x00002eec      0x194 ./SDK/rtos/FreeRTOS_S32K/Source/event_groups.o
                0x00002eec                xEventGroupWaitBits
 .text.xEventGroupClearBits
                0x00003080       0x6c ./SDK/rtos/FreeRTOS_S32K/Source/event_groups.o
                0x00003080                xEventGroupClearBits
 .text.xEventGroupSetBits
                0x000030ec      0x114 ./SDK/rtos/FreeRTOS_S32K/Source/event_groups.o
                0x000030ec                xEventGroupSetBits
 .text.vEventGroupSetBitsCallback
                0x00003200       0x18 ./SDK/rtos/FreeRTOS_S32K/Source/event_groups.o
                0x00003200                vEventGroupSetBitsCallback
 .text.prvTestWaitCondition
                0x00003218       0x44 ./SDK/rtos/FreeRTOS_S32K/Source/event_groups.o
 .text.PORT_init
                0x0000325c       0xd4 ./Sources/transceiver.o
                0x0000325c                PORT_init
 .text.LPSPI1_init_master
                0x00003330       0x64 ./Sources/transceiver.o
                0x00003330                LPSPI1_init_master
 .text.LPSPI1_init_MC33903
                0x00003394       0x54 ./Sources/transceiver.o
                0x00003394                LPSPI1_init_MC33903
 .text.LPSPI1_transmit_16bits
                0x000033e8       0x38 ./Sources/transceiver.o
                0x000033e8                LPSPI1_transmit_16bits
 .text.LPSPI1_receive_16bits
                0x00003420       0x40 ./Sources/transceiver.o
                0x00003420                LPSPI1_receive_16bits
 .text.GPIO_HAL_SetPins
                0x00003460       0x1c ./Sources/rtos_driver.o
 .text.GPIO_HAL_SetPinsDirection
                0x0000347c       0x1c ./Sources/rtos_driver.o
 .text.PORT_HAL_SetMuxModeSel
                0x00003498       0x44 ./Sources/rtos_driver.o
 .text.PORT_HAL_SetPinIntSel
                0x000034dc       0x44 ./Sources/rtos_driver.o
 .text.PORT_HAL_ClearPortIntFlagCmd
                0x00003520       0x1c ./Sources/rtos_driver.o
 .text.PCC_HAL_SetClockMode
                0x0000353c       0x5c ./Sources/rtos_driver.o
 .text.PCC_HAL_SetClockSourceSel
                0x00003598       0xa0 ./Sources/rtos_driver.o
 .text.INT_SYS_SetPriority
                0x00003638       0x8c ./Sources/rtos_driver.o
 .text.SW3_ISR  0x000036c4       0x28 ./Sources/rtos_driver.o
                0x000036c4                SW3_ISR
 .text.rtos_start
                0x000036ec      0x12c ./Sources/rtos_driver.o
                0x000036ec                rtos_start
 .text.rtos_can_tx_thread_EG
                0x00003818       0xd0 ./Sources/rtos_driver.o
                0x00003818                rtos_can_tx_thread_EG
 .text.rtos_can_tx_thread_periodic
                0x000038e8       0x68 ./Sources/rtos_driver.o
                0x000038e8                rtos_can_tx_thread_periodic
 .text.rtos_can_rx_thread_periodic
                0x00003950       0xe8 ./Sources/rtos_driver.o
                0x00003950                rtos_can_rx_thread_periodic
 .text.rtos_can_set_sw_msg
                0x00003a38       0x58 ./Sources/rtos_driver.o
                0x00003a38                rtos_can_set_sw_msg
 .text.rtos_adc_read_task
                0x00003a90       0x68 ./Sources/rtos_driver.o
                0x00003a90                rtos_adc_read_task
 .text.rtos_turn_on_leds
                0x00003af8       0x44 ./Sources/rtos_driver.o
                0x00003af8                rtos_turn_on_leds
 .text.set_tx_task_period
                0x00003b3c       0x1c ./Sources/rtos_driver.o
                0x00003b3c                set_tx_task_period
 .text.turn_on_red_LED
                0x00003b58       0x28 ./Sources/rtos_driver.o
                0x00003b58                turn_on_red_LED
 .text.turn_on_green_LED
                0x00003b80       0x2c ./Sources/rtos_driver.o
                0x00003b80                turn_on_green_LED
 .text.turn_on_yellow_LED
                0x00003bac       0x28 ./Sources/rtos_driver.o
                0x00003bac                turn_on_yellow_LED
 .text.turn_off_LEDS
                0x00003bd4       0x20 ./Sources/rtos_driver.o
                0x00003bd4                turn_off_LEDS
 .text.rtos_add_ID_function
                0x00003bf4       0x68 ./Sources/rtos_driver.o
                0x00003bf4                rtos_add_ID_function
 .text.rtos_define_tx_periodic_msg
                0x00003c5c       0x30 ./Sources/rtos_driver.o
                0x00003c5c                rtos_define_tx_periodic_msg
 .text.test_function
                0x00003c8c       0x38 ./Sources/main.o
                0x00003c8c                test_function
 .text.main     0x00003cc4      0x104 ./Sources/main.o
                0x00003cc4                main
 .text.SOSC_init_8MHz
                0x00003dc8       0x4c ./Sources/clocks_and_modes.o
                0x00003dc8                SOSC_init_8MHz
 .text.SPLL_init_160MHz
                0x00003e14       0x64 ./Sources/clocks_and_modes.o
                0x00003e14                SPLL_init_160MHz
 .text.NormalRUNmode_80MHz
                0x00003e78       0x20 ./Sources/clocks_and_modes.o
                0x00003e78                NormalRUNmode_80MHz
 .text.CAN_Init
                0x00003e98      0x114 ./Sources/can_driver.o
                0x00003e98                CAN_Init
 .text.CAN_send_message
                0x00003fac       0xd4 ./Sources/can_driver.o
                0x00003fac                CAN_send_message
 .text.CAN_receive_message
                0x00004080       0xe8 ./Sources/can_driver.o
                0x00004080                CAN_receive_message
 .text.CAN_get_rx_status
                0x00004168       0x24 ./Sources/can_driver.o
                0x00004168                CAN_get_rx_status
 .text.CAN_get_tx_status
                0x0000418c       0x20 ./Sources/can_driver.o
                0x0000418c                CAN_get_tx_status
 .text.CAN_clear_tx_and_rx_flags
                0x000041ac       0x1c ./Sources/can_driver.o
                0x000041ac                CAN_clear_tx_and_rx_flags
 .text.ADC_init
                0x000041c8       0x68 ./Sources/ADC.o
                0x000041c8                ADC_init
 .text.convertAdcChan
                0x00004230       0x30 ./Sources/ADC.o
                0x00004230                convertAdcChan
 .text.adc_complete
                0x00004260       0x20 ./Sources/ADC.o
                0x00004260                adc_complete
 .text.read_adc_chx
                0x00004280       0x3c ./Sources/ADC.o
                0x00004280                read_adc_chx
 .text.memcpy   0x000042bc       0x16 C:/nxp/S32DS_ARM_v1.3/Cross_Tools/gcc-arm-none-eabi-4_9/arm-none-eabi/newlib/lib/armv7e-m/fpu\libc_nano.a(lib_a-memcpy.o)
                0x000042bc                memcpy
 .text.memset   0x000042d2       0x10 C:/nxp/S32DS_ARM_v1.3/Cross_Tools/gcc-arm-none-eabi-4_9/arm-none-eabi/newlib/lib/armv7e-m/fpu\libc_nano.a(lib_a-memset.o)
                0x000042d2                memset
 *(.rodata)
 *fill*         0x000042e2        0x2 
 .rodata        0x000042e4        0x8 ./SDK/rtos/FreeRTOS_S32K/Source/timers.o
 .rodata        0x000042ec        0x5 ./SDK/rtos/FreeRTOS_S32K/Source/tasks.o
 *fill*         0x000042f1        0x3 
 .rodata        0x000042f4        0xc ./Sources/transceiver.o
 .rodata        0x00004300       0x1b ./Sources/main.o
 *(.rodata*)
 *fill*         0x0000431b        0x1 
 .rodata.clockNameMappings
                0x0000431c       0x9e ./SDK/platform/hal/src/pcc/pcc_hal.o
                0x0000431c                clockNameMappings
 *(.glue_7)
 .glue_7        0x00000000        0x0 linker stubs
 *(.glue_7t)
 .glue_7t       0x00000000        0x0 linker stubs
 *(.eh_frame)
 *fill*         0x000043ba        0x2 
 .eh_frame      0x000043bc        0x0 c:/nxp/s32ds_arm_v1.3/cross_tools/gcc-arm-none-eabi-4_9/bin/../lib/gcc/arm-none-eabi/4.9.3/armv7e-m/fpu/crtbegin.o
 *(.init)
 .init          0x000043bc        0x4 c:/nxp/s32ds_arm_v1.3/cross_tools/gcc-arm-none-eabi-4_9/bin/../lib/gcc/arm-none-eabi/4.9.3/armv7e-m/fpu/crti.o
                0x000043bc                _init
 .init          0x000043c0        0x8 c:/nxp/s32ds_arm_v1.3/cross_tools/gcc-arm-none-eabi-4_9/bin/../lib/gcc/arm-none-eabi/4.9.3/armv7e-m/fpu/crtn.o
 *(.fini)
 .fini          0x000043c8        0x4 c:/nxp/s32ds_arm_v1.3/cross_tools/gcc-arm-none-eabi-4_9/bin/../lib/gcc/arm-none-eabi/4.9.3/armv7e-m/fpu/crti.o
                0x000043c8                _fini
 .fini          0x000043cc        0x8 c:/nxp/s32ds_arm_v1.3/cross_tools/gcc-arm-none-eabi-4_9/bin/../lib/gcc/arm-none-eabi/4.9.3/armv7e-m/fpu/crtn.o
                0x000043d4                . = ALIGN (0x4)

.vfp11_veneer   0x000043d4        0x0
 .vfp11_veneer  0x00000000        0x0 linker stubs

.v4_bx          0x000043d4        0x0
 .v4_bx         0x00000000        0x0 linker stubs

.iplt           0x000043d4        0x0
 .iplt          0x00000000        0x0 c:/nxp/s32ds_arm_v1.3/cross_tools/gcc-arm-none-eabi-4_9/bin/../lib/gcc/arm-none-eabi/4.9.3/armv7e-m/fpu/crtbegin.o

.rel.dyn        0x000043d4        0x0
 .rel.iplt      0x00000000        0x0 c:/nxp/s32ds_arm_v1.3/cross_tools/gcc-arm-none-eabi-4_9/bin/../lib/gcc/arm-none-eabi/4.9.3/armv7e-m/fpu/crtbegin.o

.ARM.extab
 *(.ARM.extab* .gnu.linkonce.armextab.*)

.ARM            0x000043d4        0x0
                0x000043d4                __exidx_start = .
 *(.ARM.exidx*)
                0x000043d4                __exidx_end = .

.ctors          0x000043d4        0x0
                0x000043d4                __CTOR_LIST__ = .
 *crtbegin.o(.ctors)
 *crtbegin?.o(.ctors)
 *(EXCLUDE_FILE(*crtend.o *crtend?.o) .ctors)
 *(SORT(.ctors.*))
 *(.ctors)
                0x000043d4                __CTOR_END__ = .

.dtors          0x000043d4        0x0
                0x000043d4                __DTOR_LIST__ = .
 *crtbegin.o(.dtors)
 *crtbegin?.o(.dtors)
 *(EXCLUDE_FILE(*crtend.o *crtend?.o) .dtors)
 *(SORT(.dtors.*))
 *(.dtors)
                0x000043d4                __DTOR_END__ = .

.preinit_array  0x000043d4        0x0
                0x000043d4                PROVIDE (__preinit_array_start, .)
 *(.preinit_array*)
                0x000043d4                PROVIDE (__preinit_array_end, .)

.init_array     0x000043d4        0x4
                0x000043d4                PROVIDE (__init_array_start, .)
 *(SORT(.init_array.*))
 *(.init_array*)
 .init_array    0x000043d4        0x4 c:/nxp/s32ds_arm_v1.3/cross_tools/gcc-arm-none-eabi-4_9/bin/../lib/gcc/arm-none-eabi/4.9.3/armv7e-m/fpu/crtbegin.o
                0x000043d8                PROVIDE (__init_array_end, .)

.fini_array     0x000043d8        0x4
                0x000043d8                PROVIDE (__fini_array_start, .)
 *(SORT(.fini_array.*))
 *(.fini_array*)
 .fini_array    0x000043d8        0x4 c:/nxp/s32ds_arm_v1.3/cross_tools/gcc-arm-none-eabi-4_9/bin/../lib/gcc/arm-none-eabi/4.9.3/armv7e-m/fpu/crtbegin.o
                0x000043dc                PROVIDE (__fini_array_end, .)
                0x000043dc                __etext = .
                0x000043dc                __DATA_ROM = .

.interrupts_ram
                0x1fff8000      0x400
                0x1fff8000                . = ALIGN (0x4)
                0x1fff8000                __VECTOR_RAM__ = .
                0x1fff8000                __interrupts_ram_start__ = .
 *(.m_interrupts_ram)
                0x1fff8400                . = (. + M_VECTOR_RAM_SIZE)
 *fill*         0x1fff8000      0x400 
                0x1fff8400                . = ALIGN (0x4)
                0x1fff8400                __interrupts_ram_end__ = .
                0x1fff8000                __VECTOR_RAM = DEFINED (__flash_vector_table__)?ORIGIN (m_interrupts):__VECTOR_RAM__
                0x00000400                __RAM_VECTOR_TABLE_SIZE = DEFINED (__flash_vector_table__)?0x0:(__interrupts_ram_end__ - __interrupts_ram_start__)

.data           0x1fff8400       0x1c load address 0x000043dc
                0x1fff8400                . = ALIGN (0x4)
                0x1fff8400                __DATA_RAM = .
                0x1fff8400                __data_start__ = .
 *(.data)
 *(.data*)
 .data.uxCriticalNesting
                0x1fff8400        0x4 ./SDK/rtos/FreeRTOS_S32K/Source/portable/GCC/ARM_CM4F/port.o
 .data.xFreeBytesRemaining
                0x1fff8404        0x4 ./SDK/rtos/FreeRTOS_S32K/Source/portable/MemMang/heap_2.o
 .data.rx_task_period
                0x1fff8408        0x4 ./Sources/rtos_driver.o
 .data.tx_task_period
                0x1fff840c        0x4 ./Sources/rtos_driver.o
 .data.adc_tx_task_period
                0x1fff8410        0x4 ./Sources/rtos_driver.o
 .data.per_msg.7066
                0x1fff8414        0x3 ./Sources/main.o
 *(.jcr*)
 *fill*         0x1fff8417        0x1 
 .jcr           0x1fff8418        0x0 c:/nxp/s32ds_arm_v1.3/cross_tools/gcc-arm-none-eabi-4_9/bin/../lib/gcc/arm-none-eabi/4.9.3/armv7e-m/fpu/crtbegin.o
 .jcr           0x1fff8418        0x4 c:/nxp/s32ds_arm_v1.3/cross_tools/gcc-arm-none-eabi-4_9/bin/../lib/gcc/arm-none-eabi/4.9.3/armv7e-m/fpu/crtend.o
                0x1fff841c                . = ALIGN (0x4)
                0x1fff841c                __data_end__ = .
                0x000043f8                __DATA_END = (__DATA_ROM + (__data_end__ - __data_start__))
                0x000043f8                __CODE_ROM = __DATA_END

.igot.plt       0x1fff841c        0x0 load address 0x000043f8
 .igot.plt      0x00000000        0x0 c:/nxp/s32ds_arm_v1.3/cross_tools/gcc-arm-none-eabi-4_9/bin/../lib/gcc/arm-none-eabi/4.9.3/armv7e-m/fpu/crtbegin.o

.code           0x1fff841c        0x0 load address 0x000043f8
                0x1fff841c                . = ALIGN (0x4)
                0x1fff841c                __CODE_RAM = .
                0x1fff841c                __code_start__ = .
 *(.code_ram)
                0x1fff841c                . = ALIGN (0x4)
                0x1fff841c                __code_end__ = .
                0x000043f8                __CODE_END = (__CODE_ROM + (__code_end__ - __code_start__))

.customSectionBlock
 *(.customSection)

.bss            0x20000000     0x2298
                0x20000000                . = ALIGN (0x4)
                0x20000000                __BSS_START = .
                0x20000000                __bss_start__ = .
 *(.bss)
 .bss           0x20000000       0x1c c:/nxp/s32ds_arm_v1.3/cross_tools/gcc-arm-none-eabi-4_9/bin/../lib/gcc/arm-none-eabi/4.9.3/armv7e-m/fpu/crtbegin.o
 *(.bss*)
 .bss.ucMaxSysCallPriority
                0x2000001c        0x1 ./SDK/rtos/FreeRTOS_S32K/Source/portable/GCC/ARM_CM4F/port.o
 *fill*         0x2000001d        0x3 
 .bss.ulMaxPRIGROUPValue
                0x20000020        0x4 ./SDK/rtos/FreeRTOS_S32K/Source/portable/GCC/ARM_CM4F/port.o
 .bss.ucHeap    0x20000024     0x2000 ./SDK/rtos/FreeRTOS_S32K/Source/portable/MemMang/heap_2.o
 .bss.xStart    0x20002024        0x8 ./SDK/rtos/FreeRTOS_S32K/Source/portable/MemMang/heap_2.o
 .bss.xEnd      0x2000202c        0x8 ./SDK/rtos/FreeRTOS_S32K/Source/portable/MemMang/heap_2.o
 .bss.xHeapHasBeenInitialised.4526
                0x20002034        0x4 ./SDK/rtos/FreeRTOS_S32K/Source/portable/MemMang/heap_2.o
 .bss.xActiveTimerList1
                0x20002038       0x14 ./SDK/rtos/FreeRTOS_S32K/Source/timers.o
 .bss.xActiveTimerList2
                0x2000204c       0x14 ./SDK/rtos/FreeRTOS_S32K/Source/timers.o
 .bss.pxCurrentTimerList
                0x20002060        0x4 ./SDK/rtos/FreeRTOS_S32K/Source/timers.o
 .bss.pxOverflowTimerList
                0x20002064        0x4 ./SDK/rtos/FreeRTOS_S32K/Source/timers.o
 .bss.xTimerQueue
                0x20002068        0x4 ./SDK/rtos/FreeRTOS_S32K/Source/timers.o
 .bss.xLastTime.4766
                0x2000206c        0x4 ./SDK/rtos/FreeRTOS_S32K/Source/timers.o
 .bss.pxCurrentTCB
                0x20002070        0x4 ./SDK/rtos/FreeRTOS_S32K/Source/tasks.o
                0x20002070                pxCurrentTCB
 .bss.pxReadyTasksLists
                0x20002074       0xa0 ./SDK/rtos/FreeRTOS_S32K/Source/tasks.o
 .bss.xDelayedTaskList1
                0x20002114       0x14 ./SDK/rtos/FreeRTOS_S32K/Source/tasks.o
 .bss.xDelayedTaskList2
                0x20002128       0x14 ./SDK/rtos/FreeRTOS_S32K/Source/tasks.o
 .bss.pxDelayedTaskList
                0x2000213c        0x4 ./SDK/rtos/FreeRTOS_S32K/Source/tasks.o
 .bss.pxOverflowDelayedTaskList
                0x20002140        0x4 ./SDK/rtos/FreeRTOS_S32K/Source/tasks.o
 .bss.xPendingReadyList
                0x20002144       0x14 ./SDK/rtos/FreeRTOS_S32K/Source/tasks.o
 .bss.xTasksWaitingTermination
                0x20002158       0x14 ./SDK/rtos/FreeRTOS_S32K/Source/tasks.o
 .bss.uxTasksDeleted
                0x2000216c        0x4 ./SDK/rtos/FreeRTOS_S32K/Source/tasks.o
 .bss.xSuspendedTaskList
                0x20002170       0x14 ./SDK/rtos/FreeRTOS_S32K/Source/tasks.o
 .bss.uxCurrentNumberOfTasks
                0x20002184        0x4 ./SDK/rtos/FreeRTOS_S32K/Source/tasks.o
 .bss.xTickCount
                0x20002188        0x4 ./SDK/rtos/FreeRTOS_S32K/Source/tasks.o
 .bss.uxTopReadyPriority
                0x2000218c        0x4 ./SDK/rtos/FreeRTOS_S32K/Source/tasks.o
 .bss.xSchedulerRunning
                0x20002190        0x4 ./SDK/rtos/FreeRTOS_S32K/Source/tasks.o
 .bss.uxPendedTicks
                0x20002194        0x4 ./SDK/rtos/FreeRTOS_S32K/Source/tasks.o
 .bss.xYieldPending
                0x20002198        0x4 ./SDK/rtos/FreeRTOS_S32K/Source/tasks.o
 .bss.xNumOfOverflows
                0x2000219c        0x4 ./SDK/rtos/FreeRTOS_S32K/Source/tasks.o
 .bss.uxTaskNumber
                0x200021a0        0x4 ./SDK/rtos/FreeRTOS_S32K/Source/tasks.o
 .bss.xNextTaskUnblockTime
                0x200021a4        0x4 ./SDK/rtos/FreeRTOS_S32K/Source/tasks.o
 .bss.uxSchedulerSuspended
                0x200021a8        0x4 ./SDK/rtos/FreeRTOS_S32K/Source/tasks.o
 .bss.can_handler
                0x200021ac       0x14 ./Sources/rtos_driver.o
 .bss.ID_SW     0x200021c0        0x1 ./Sources/rtos_driver.o
 *fill*         0x200021c1        0x3 
 .bss.msg_SW    0x200021c4        0x8 ./Sources/rtos_driver.o
 .bss.DLC_SW    0x200021cc        0x1 ./Sources/rtos_driver.o
 *fill*         0x200021cd        0x1 
 .bss.adc_read  0x200021ce        0x2 ./Sources/rtos_driver.o
 .bss.ID_function
                0x200021d0       0x78 ./Sources/rtos_driver.o
 .bss.ID_func_counter
                0x20002248        0x1 ./Sources/rtos_driver.o
 *fill*         0x20002249        0x3 
 .bss.rx_message
                0x2000224c       0x10 ./Sources/rtos_driver.o
 .bss.tx_message
                0x2000225c       0x10 ./Sources/rtos_driver.o
 .bss.message_to_send
                0x2000226c       0x10 ./Sources/rtos_driver.o
 .bss.periodic_msg.7070
                0x2000227c       0x10 ./Sources/main.o
 .bss.RxCODE    0x2000228c        0x4 ./Sources/can_driver.o
 .bss.RxID      0x20002290        0x4 ./Sources/can_driver.o
 .bss.RxLENGTH  0x20002294        0x4 ./Sources/can_driver.o
 *(COMMON)
                0x20002298                . = ALIGN (0x4)
                0x20002298                __bss_end__ = .
                0x20002298                __BSS_END = .

.heap           0x20002298      0x400
                0x20002298                . = ALIGN (0x8)
                0x20002298                __end__ = .
                0x20002298                PROVIDE (end, .)
                0x20002298                PROVIDE (_end, .)
                0x20002298                PROVIDE (__end, .)
                0x20002298                __HeapBase = .
                0x20002698                . = (. + HEAP_SIZE)
 *fill*         0x20002298      0x400 
                0x20002698                __HeapLimit = .
                0x20002698                __heap_limit = .

.stack          0x20002698      0x400
                0x20002698                . = ALIGN (0x8)
                0x20002a98                . = (. + STACK_SIZE)
 *fill*         0x20002698      0x400 
                0x20007000                __StackTop = (ORIGIN (m_data_2) + 0x7000)
                0x20006c00                __StackLimit = (__StackTop - STACK_SIZE)
                0x20007000                PROVIDE (__stack, __StackTop)

.ARM.attributes
                0x00000000       0x30
 *(.ARM.attributes)
 .ARM.attributes
                0x00000000       0x22 c:/nxp/s32ds_arm_v1.3/cross_tools/gcc-arm-none-eabi-4_9/bin/../lib/gcc/arm-none-eabi/4.9.3/armv7e-m/fpu/crti.o
 .ARM.attributes
                0x00000022       0x34 c:/nxp/s32ds_arm_v1.3/cross_tools/gcc-arm-none-eabi-4_9/bin/../lib/gcc/arm-none-eabi/4.9.3/armv7e-m/fpu/crtbegin.o
 .ARM.attributes
                0x00000056       0x1f ./Project_Settings/Startup_Code/startup_S32K144.o
 .ARM.attributes
                0x00000075       0x39 ./SDK/platform/devices/S32K144/startup/system_S32K144.o
 .ARM.attributes
                0x000000ae       0x39 ./SDK/platform/devices/startup.o
 .ARM.attributes
                0x000000e7       0x39 ./SDK/platform/drivers/src/interrupt/interrupt_manager.o
 .ARM.attributes
                0x00000120       0x39 ./SDK/platform/hal/src/pcc/pcc_hal.o
 .ARM.attributes
                0x00000159       0x39 ./SDK/rtos/FreeRTOS_S32K/Source/portable/GCC/ARM_CM4F/port.o
 .ARM.attributes
                0x00000192       0x39 ./SDK/rtos/FreeRTOS_S32K/Source/portable/MemMang/heap_2.o
 .ARM.attributes
                0x000001cb       0x39 ./SDK/rtos/FreeRTOS_S32K/Source/timers.o
 .ARM.attributes
                0x00000204       0x39 ./SDK/rtos/FreeRTOS_S32K/Source/tasks.o
 .ARM.attributes
                0x0000023d       0x39 ./SDK/rtos/FreeRTOS_S32K/Source/queue.o
 .ARM.attributes
                0x00000276       0x39 ./SDK/rtos/FreeRTOS_S32K/Source/list.o
 .ARM.attributes
                0x000002af       0x39 ./SDK/rtos/FreeRTOS_S32K/Source/event_groups.o
 .ARM.attributes
                0x000002e8       0x39 ./Sources/transceiver.o
 .ARM.attributes
                0x00000321       0x39 ./Sources/rtos_driver.o
 .ARM.attributes
                0x0000035a       0x39 ./Sources/main.o
 .ARM.attributes
                0x00000393       0x39 ./Sources/clocks_and_modes.o
 .ARM.attributes
                0x000003cc       0x39 ./Sources/can_driver.o
 .ARM.attributes
                0x00000405       0x39 ./Sources/ADC.o
 .ARM.attributes
                0x0000043e       0x34 C:/nxp/S32DS_ARM_v1.3/Cross_Tools/gcc-arm-none-eabi-4_9/arm-none-eabi/newlib/lib/armv7e-m/fpu\libc_nano.a(lib_a-memcpy.o)
 .ARM.attributes
                0x00000472       0x34 C:/nxp/S32DS_ARM_v1.3/Cross_Tools/gcc-arm-none-eabi-4_9/arm-none-eabi/newlib/lib/armv7e-m/fpu\libc_nano.a(lib_a-memset.o)
 .ARM.attributes
                0x000004a6       0x34 c:/nxp/s32ds_arm_v1.3/cross_tools/gcc-arm-none-eabi-4_9/bin/../lib/gcc/arm-none-eabi/4.9.3/armv7e-m/fpu/crtend.o
 .ARM.attributes
                0x000004da       0x22 c:/nxp/s32ds_arm_v1.3/cross_tools/gcc-arm-none-eabi-4_9/bin/../lib/gcc/arm-none-eabi/4.9.3/armv7e-m/fpu/crtn.o
                0x00000001                ASSERT ((__StackLimit >= __HeapLimit), region m_data_2 overflowed with stack and heap)
OUTPUT(S32K144_FreeRTOS.elf elf32-littlearm)

.debug_line     0x00000000     0x58ee
 .debug_line    0x00000000       0x83 ./Project_Settings/Startup_Code/startup_S32K144.o
 .debug_line    0x00000083      0x322 ./SDK/platform/devices/S32K144/startup/system_S32K144.o
 .debug_line    0x000003a5      0x292 ./SDK/platform/devices/startup.o
 .debug_line    0x00000637      0x36b ./SDK/platform/drivers/src/interrupt/interrupt_manager.o
 .debug_line    0x000009a2      0x392 ./SDK/platform/hal/src/pcc/pcc_hal.o
 .debug_line    0x00000d34      0x4f1 ./SDK/rtos/FreeRTOS_S32K/Source/portable/GCC/ARM_CM4F/port.o
 .debug_line    0x00001225      0x3d6 ./SDK/rtos/FreeRTOS_S32K/Source/portable/MemMang/heap_2.o
 .debug_line    0x000015fb      0x613 ./SDK/rtos/FreeRTOS_S32K/Source/timers.o
 .debug_line    0x00001c0e      0xe3e ./SDK/rtos/FreeRTOS_S32K/Source/tasks.o
 .debug_line    0x00002a4c      0xaab ./SDK/rtos/FreeRTOS_S32K/Source/queue.o
 .debug_line    0x000034f7      0x384 ./SDK/rtos/FreeRTOS_S32K/Source/list.o
 .debug_line    0x0000387b      0x59e ./SDK/rtos/FreeRTOS_S32K/Source/event_groups.o
 .debug_line    0x00003e19      0x257 ./Sources/transceiver.o
 .debug_line    0x00004070      0xa7a ./Sources/rtos_driver.o
 .debug_line    0x00004aea      0x774 ./Sources/main.o
 .debug_line    0x0000525e      0x210 ./Sources/clocks_and_modes.o
 .debug_line    0x0000546e      0x29d ./Sources/can_driver.o
 .debug_line    0x0000570b      0x1e3 ./Sources/ADC.o

.debug_info     0x00000000     0x8ae6
 .debug_info    0x00000000       0x91 ./Project_Settings/Startup_Code/startup_S32K144.o
 .debug_info    0x00000091      0x4f2 ./SDK/platform/devices/S32K144/startup/system_S32K144.o
 .debug_info    0x00000583      0x3e4 ./SDK/platform/devices/startup.o
 .debug_info    0x00000967      0x554 ./SDK/platform/drivers/src/interrupt/interrupt_manager.o
 .debug_info    0x00000ebb      0x436 ./SDK/platform/hal/src/pcc/pcc_hal.o
 .debug_info    0x000012f1      0x512 ./SDK/rtos/FreeRTOS_S32K/Source/portable/GCC/ARM_CM4F/port.o
 .debug_info    0x00001803      0x2bf ./SDK/rtos/FreeRTOS_S32K/Source/portable/MemMang/heap_2.o
 .debug_info    0x00001ac2      0xb3c ./SDK/rtos/FreeRTOS_S32K/Source/timers.o
 .debug_info    0x000025fe     0x1ac3 ./SDK/rtos/FreeRTOS_S32K/Source/tasks.o
 .debug_info    0x000040c1     0x1133 ./SDK/rtos/FreeRTOS_S32K/Source/queue.o
 .debug_info    0x000051f4      0x28f ./SDK/rtos/FreeRTOS_S32K/Source/list.o
 .debug_info    0x00005483      0x865 ./SDK/rtos/FreeRTOS_S32K/Source/event_groups.o
 .debug_info    0x00005ce8      0x469 ./Sources/transceiver.o
 .debug_info    0x00006151     0x1605 ./Sources/rtos_driver.o
 .debug_info    0x00007756      0x79e ./Sources/main.o
 .debug_info    0x00007ef4      0x262 ./Sources/clocks_and_modes.o
 .debug_info    0x00008156      0x68e ./Sources/can_driver.o
 .debug_info    0x000087e4      0x302 ./Sources/ADC.o

.debug_abbrev   0x00000000     0x1946
 .debug_abbrev  0x00000000       0x14 ./Project_Settings/Startup_Code/startup_S32K144.o
 .debug_abbrev  0x00000014      0x118 ./SDK/platform/devices/S32K144/startup/system_S32K144.o
 .debug_abbrev  0x0000012c      0x101 ./SDK/platform/devices/startup.o
 .debug_abbrev  0x0000022d      0x131 ./SDK/platform/drivers/src/interrupt/interrupt_manager.o
 .debug_abbrev  0x0000035e      0x123 ./SDK/platform/hal/src/pcc/pcc_hal.o
 .debug_abbrev  0x00000481      0x1c0 ./SDK/rtos/FreeRTOS_S32K/Source/portable/GCC/ARM_CM4F/port.o
 .debug_abbrev  0x00000641      0x155 ./SDK/rtos/FreeRTOS_S32K/Source/portable/MemMang/heap_2.o
 .debug_abbrev  0x00000796      0x1ea ./SDK/rtos/FreeRTOS_S32K/Source/timers.o
 .debug_abbrev  0x00000980      0x276 ./SDK/rtos/FreeRTOS_S32K/Source/tasks.o
 .debug_abbrev  0x00000bf6      0x1d7 ./SDK/rtos/FreeRTOS_S32K/Source/queue.o
 .debug_abbrev  0x00000dcd       0xc1 ./SDK/rtos/FreeRTOS_S32K/Source/list.o
 .debug_abbrev  0x00000e8e      0x1ca ./SDK/rtos/FreeRTOS_S32K/Source/event_groups.o
 .debug_abbrev  0x00001058      0x132 ./Sources/transceiver.o
 .debug_abbrev  0x0000118a      0x298 ./Sources/rtos_driver.o
 .debug_abbrev  0x00001422      0x1ae ./Sources/main.o
 .debug_abbrev  0x000015d0       0xc2 ./Sources/clocks_and_modes.o
 .debug_abbrev  0x00001692      0x17e ./Sources/can_driver.o
 .debug_abbrev  0x00001810      0x136 ./Sources/ADC.o

.debug_aranges  0x00000000      0x788
 .debug_aranges
                0x00000000       0x20 ./Project_Settings/Startup_Code/startup_S32K144.o
 .debug_aranges
                0x00000020       0x30 ./SDK/platform/devices/S32K144/startup/system_S32K144.o
 .debug_aranges
                0x00000050       0x20 ./SDK/platform/devices/startup.o
 .debug_aranges
                0x00000070       0x40 ./SDK/platform/drivers/src/interrupt/interrupt_manager.o
 .debug_aranges
                0x000000b0       0x20 ./SDK/platform/hal/src/pcc/pcc_hal.o
 .debug_aranges
                0x000000d0       0x80 ./SDK/rtos/FreeRTOS_S32K/Source/portable/GCC/ARM_CM4F/port.o
 .debug_aranges
                0x00000150       0x40 ./SDK/rtos/FreeRTOS_S32K/Source/portable/MemMang/heap_2.o
 .debug_aranges
                0x00000190       0xa8 ./SDK/rtos/FreeRTOS_S32K/Source/timers.o
 .debug_aranges
                0x00000238      0x1a8 ./SDK/rtos/FreeRTOS_S32K/Source/tasks.o
 .debug_aranges
                0x000003e0       0xe0 ./SDK/rtos/FreeRTOS_S32K/Source/queue.o
 .debug_aranges
                0x000004c0       0x40 ./SDK/rtos/FreeRTOS_S32K/Source/list.o
 .debug_aranges
                0x00000500       0x68 ./SDK/rtos/FreeRTOS_S32K/Source/event_groups.o
 .debug_aranges
                0x00000568       0x48 ./Sources/transceiver.o
 .debug_aranges
                0x000005b0       0xf8 ./Sources/rtos_driver.o
 .debug_aranges
                0x000006a8       0x28 ./Sources/main.o
 .debug_aranges
                0x000006d0       0x30 ./Sources/clocks_and_modes.o
 .debug_aranges
                0x00000700       0x50 ./Sources/can_driver.o
 .debug_aranges
                0x00000750       0x38 ./Sources/ADC.o

.debug_ranges   0x00000000      0x658
 .debug_ranges  0x00000000       0x20 ./SDK/platform/devices/S32K144/startup/system_S32K144.o
 .debug_ranges  0x00000020       0x10 ./SDK/platform/devices/startup.o
 .debug_ranges  0x00000030       0x30 ./SDK/platform/drivers/src/interrupt/interrupt_manager.o
 .debug_ranges  0x00000060       0x10 ./SDK/platform/hal/src/pcc/pcc_hal.o
 .debug_ranges  0x00000070       0x70 ./SDK/rtos/FreeRTOS_S32K/Source/portable/GCC/ARM_CM4F/port.o
 .debug_ranges  0x000000e0       0x30 ./SDK/rtos/FreeRTOS_S32K/Source/portable/MemMang/heap_2.o
 .debug_ranges  0x00000110       0x98 ./SDK/rtos/FreeRTOS_S32K/Source/timers.o
 .debug_ranges  0x000001a8      0x198 ./SDK/rtos/FreeRTOS_S32K/Source/tasks.o
 .debug_ranges  0x00000340       0xd0 ./SDK/rtos/FreeRTOS_S32K/Source/queue.o
 .debug_ranges  0x00000410       0x30 ./SDK/rtos/FreeRTOS_S32K/Source/list.o
 .debug_ranges  0x00000440       0x58 ./SDK/rtos/FreeRTOS_S32K/Source/event_groups.o
 .debug_ranges  0x00000498       0x38 ./Sources/transceiver.o
 .debug_ranges  0x000004d0       0xe8 ./Sources/rtos_driver.o
 .debug_ranges  0x000005b8       0x18 ./Sources/main.o
 .debug_ranges  0x000005d0       0x20 ./Sources/clocks_and_modes.o
 .debug_ranges  0x000005f0       0x40 ./Sources/can_driver.o
 .debug_ranges  0x00000630       0x28 ./Sources/ADC.o

.debug_macro    0x00000000     0x224e
 .debug_macro   0x00000000       0xc6 ./SDK/platform/devices/S32K144/startup/system_S32K144.o
 .debug_macro   0x000000c6       0xc7 ./SDK/platform/devices/startup.o
 .debug_macro   0x0000018d       0xc7 ./SDK/platform/drivers/src/interrupt/interrupt_manager.o
 .debug_macro   0x00000254      0x10a ./SDK/platform/hal/src/pcc/pcc_hal.o
 .debug_macro   0x0000035e      0x1e4 ./SDK/rtos/FreeRTOS_S32K/Source/portable/GCC/ARM_CM4F/port.o
 .debug_macro   0x00000542      0x167 ./SDK/rtos/FreeRTOS_S32K/Source/portable/GCC/ARM_CM4F/port.o
 .debug_macro   0x000006a9      0x15d ./SDK/rtos/FreeRTOS_S32K/Source/portable/GCC/ARM_CM4F/port.o
 .debug_macro   0x00000806       0xe4 ./SDK/rtos/FreeRTOS_S32K/Source/portable/GCC/ARM_CM4F/port.o
 .debug_macro   0x000008ea       0x10 ./SDK/rtos/FreeRTOS_S32K/Source/portable/GCC/ARM_CM4F/port.o
 .debug_macro   0x000008fa       0x1f ./SDK/rtos/FreeRTOS_S32K/Source/portable/GCC/ARM_CM4F/port.o
 .debug_macro   0x00000919      0x345 ./SDK/rtos/FreeRTOS_S32K/Source/portable/GCC/ARM_CM4F/port.o
 .debug_macro   0x00000c5e       0xc0 ./SDK/rtos/FreeRTOS_S32K/Source/portable/GCC/ARM_CM4F/port.o
 .debug_macro   0x00000d1e       0x8c ./SDK/rtos/FreeRTOS_S32K/Source/portable/GCC/ARM_CM4F/port.o
 .debug_macro   0x00000daa      0x168 ./SDK/rtos/FreeRTOS_S32K/Source/portable/MemMang/heap_2.o
 .debug_macro   0x00000f12       0x2e ./SDK/rtos/FreeRTOS_S32K/Source/portable/MemMang/heap_2.o
 .debug_macro   0x00000f40      0x177 ./SDK/rtos/FreeRTOS_S32K/Source/timers.o
 .debug_macro   0x000010b7       0xb0 ./SDK/rtos/FreeRTOS_S32K/Source/timers.o
 .debug_macro   0x00001167       0x91 ./SDK/rtos/FreeRTOS_S32K/Source/timers.o
 .debug_macro   0x000011f8      0x1f6 ./SDK/rtos/FreeRTOS_S32K/Source/tasks.o
 .debug_macro   0x000013ee       0x10 ./SDK/rtos/FreeRTOS_S32K/Source/tasks.o
 .debug_macro   0x000013fe       0x16 ./SDK/rtos/FreeRTOS_S32K/Source/tasks.o
 .debug_macro   0x00001414      0x1ba ./SDK/rtos/FreeRTOS_S32K/Source/queue.o
 .debug_macro   0x000015ce      0x13a ./SDK/rtos/FreeRTOS_S32K/Source/list.o
 .debug_macro   0x00001708      0x193 ./SDK/rtos/FreeRTOS_S32K/Source/event_groups.o
 .debug_macro   0x0000189b       0x19 ./SDK/rtos/FreeRTOS_S32K/Source/event_groups.o
 .debug_macro   0x000018b4       0x95 ./Sources/transceiver.o
 .debug_macro   0x00001949      0x32d ./Sources/rtos_driver.o
 .debug_macro   0x00001c76       0x1c ./Sources/rtos_driver.o
 .debug_macro   0x00001c92       0x7f ./Sources/rtos_driver.o
 .debug_macro   0x00001d11       0x22 ./Sources/rtos_driver.o
 .debug_macro   0x00001d33      0x2bb ./Sources/main.o
 .debug_macro   0x00001fee       0x8f ./Sources/clocks_and_modes.o
 .debug_macro   0x0000207d      0x142 ./Sources/can_driver.o
 .debug_macro   0x000021bf       0x8f ./Sources/ADC.o

.debug_str      0x00000000    0x6a9b3
 .debug_str     0x00000000    0x60c29 ./SDK/platform/devices/S32K144/startup/system_S32K144.o
                              0x60cb5 (size before relaxing)
 .debug_str     0x00060c29      0x117 ./SDK/platform/devices/startup.o
                              0x60be2 (size before relaxing)
 .debug_str     0x00060d40      0x6e7 ./SDK/platform/drivers/src/interrupt/interrupt_manager.o
                              0x6116d (size before relaxing)
 .debug_str     0x00061427      0x6d2 ./SDK/platform/hal/src/pcc/pcc_hal.o
                              0x61208 (size before relaxing)
 .debug_str     0x00061af9     0x3cf4 ./SDK/rtos/FreeRTOS_S32K/Source/portable/GCC/ARM_CM4F/port.o
                               0x79f8 (size before relaxing)
 .debug_str     0x000657ed      0x463 ./SDK/rtos/FreeRTOS_S32K/Source/portable/MemMang/heap_2.o
                               0x75c6 (size before relaxing)
 .debug_str     0x00065c50     0x16d5 ./SDK/rtos/FreeRTOS_S32K/Source/timers.o
                               0x89fc (size before relaxing)
 .debug_str     0x00067325     0x10cf ./SDK/rtos/FreeRTOS_S32K/Source/tasks.o
                               0x8ca1 (size before relaxing)
 .debug_str     0x000683f4      0x5f9 ./SDK/rtos/FreeRTOS_S32K/Source/queue.o
                               0x84a2 (size before relaxing)
 .debug_str     0x000689ed       0xb1 ./SDK/rtos/FreeRTOS_S32K/Source/list.o
                               0x6d9a (size before relaxing)
 .debug_str     0x00068a9e      0x4e9 ./SDK/rtos/FreeRTOS_S32K/Source/event_groups.o
                               0x8047 (size before relaxing)
 .debug_str     0x00068f87      0x13d ./Sources/transceiver.o
                              0x5d946 (size before relaxing)
 .debug_str     0x000690c4     0x134c ./Sources/rtos_driver.o
                              0x674ad (size before relaxing)
 .debug_str     0x0006a410       0x97 ./Sources/main.o
                              0x665cd (size before relaxing)
 .debug_str     0x0006a4a7       0x52 ./Sources/clocks_and_modes.o
                              0x5d8c7 (size before relaxing)
 .debug_str     0x0006a4f9      0x3ca ./Sources/can_driver.o
                              0x5de00 (size before relaxing)
 .debug_str     0x0006a8c3       0xf0 ./Sources/ADC.o
                              0x5d8a9 (size before relaxing)

.comment        0x00000000       0x70
 .comment       0x00000000       0x70 ./SDK/platform/devices/S32K144/startup/system_S32K144.o
                                 0x71 (size before relaxing)
 .comment       0x00000000       0x71 ./SDK/platform/devices/startup.o
 .comment       0x00000000       0x71 ./SDK/platform/drivers/src/interrupt/interrupt_manager.o
 .comment       0x00000000       0x71 ./SDK/platform/hal/src/pcc/pcc_hal.o
 .comment       0x00000000       0x71 ./SDK/rtos/FreeRTOS_S32K/Source/portable/GCC/ARM_CM4F/port.o
 .comment       0x00000000       0x71 ./SDK/rtos/FreeRTOS_S32K/Source/portable/MemMang/heap_2.o
 .comment       0x00000000       0x71 ./SDK/rtos/FreeRTOS_S32K/Source/timers.o
 .comment       0x00000000       0x71 ./SDK/rtos/FreeRTOS_S32K/Source/tasks.o
 .comment       0x00000000       0x71 ./SDK/rtos/FreeRTOS_S32K/Source/queue.o
 .comment       0x00000000       0x71 ./SDK/rtos/FreeRTOS_S32K/Source/list.o
 .comment       0x00000000       0x71 ./SDK/rtos/FreeRTOS_S32K/Source/event_groups.o
 .comment       0x00000000       0x71 ./Sources/transceiver.o
 .comment       0x00000000       0x71 ./Sources/rtos_driver.o
 .comment       0x00000000       0x71 ./Sources/main.o
 .comment       0x00000000       0x71 ./Sources/clocks_and_modes.o
 .comment       0x00000000       0x71 ./Sources/can_driver.o
 .comment       0x00000000       0x71 ./Sources/ADC.o

.debug_frame    0x00000000     0x1bbc
 .debug_frame   0x00000000       0x80 ./SDK/platform/devices/S32K144/startup/system_S32K144.o
 .debug_frame   0x00000080       0x38 ./SDK/platform/devices/startup.o
 .debug_frame   0x000000b8       0xc8 ./SDK/platform/drivers/src/interrupt/interrupt_manager.o
 .debug_frame   0x00000180       0x38 ./SDK/platform/hal/src/pcc/pcc_hal.o
 .debug_frame   0x000001b8      0x19c ./SDK/rtos/FreeRTOS_S32K/Source/portable/GCC/ARM_CM4F/port.o
 .debug_frame   0x00000354       0xc0 ./SDK/rtos/FreeRTOS_S32K/Source/portable/MemMang/heap_2.o
 .debug_frame   0x00000414      0x2a4 ./SDK/rtos/FreeRTOS_S32K/Source/timers.o
 .debug_frame   0x000006b8      0x72c ./SDK/rtos/FreeRTOS_S32K/Source/tasks.o
 .debug_frame   0x00000de4      0x3a8 ./SDK/rtos/FreeRTOS_S32K/Source/queue.o
 .debug_frame   0x0000118c       0xd8 ./SDK/rtos/FreeRTOS_S32K/Source/list.o
 .debug_frame   0x00001264      0x180 ./SDK/rtos/FreeRTOS_S32K/Source/event_groups.o
 .debug_frame   0x000013e4       0xe4 ./Sources/transceiver.o
 .debug_frame   0x000014c8      0x41c ./Sources/rtos_driver.o
 .debug_frame   0x000018e4       0x58 ./Sources/main.o
 .debug_frame   0x0000193c       0x70 ./Sources/clocks_and_modes.o
 .debug_frame   0x000019ac      0x128 ./Sources/can_driver.o
 .debug_frame   0x00001ad4       0xa0 ./Sources/ADC.o
 .debug_frame   0x00001b74       0x28 C:/nxp/S32DS_ARM_v1.3/Cross_Tools/gcc-arm-none-eabi-4_9/arm-none-eabi/newlib/lib/armv7e-m/fpu\libc_nano.a(lib_a-memcpy.o)
 .debug_frame   0x00001b9c       0x20 C:/nxp/S32DS_ARM_v1.3/Cross_Tools/gcc-arm-none-eabi-4_9/arm-none-eabi/newlib/lib/armv7e-m/fpu\libc_nano.a(lib_a-memset.o)
